Component: ARM Compiler 5.06 update 5 (build 528) Tool: armlink [4d35e2]

==============================================================================

Section Cross References

    startup_stm32f10x_md.o(RESET) refers to startup_stm32f10x_md.o(STACK) for __initial_sp
    startup_stm32f10x_md.o(RESET) refers to startup_stm32f10x_md.o(.text) for Reset_Handler
    startup_stm32f10x_md.o(RESET) refers to stm32f10x_it.o(.text) for NMI_Handler
    startup_stm32f10x_md.o(.text) refers to system_stm32f10x.o(.text) for SystemInit
    startup_stm32f10x_md.o(.text) refers to entry.o(.ARM.Collect$$$$00000000) for __main
    system_stm32f10x.o(.text) refers to system_stm32f10x.o(.data) for SystemCoreClock
    stm32f10x_adc.o(.text) refers to stm32f10x_rcc.o(.text) for RCC_APB2PeriphResetCmd
    stm32f10x_bkp.o(.text) refers to stm32f10x_rcc.o(.text) for RCC_BackupResetCmd
    stm32f10x_can.o(.text) refers to stm32f10x_rcc.o(.text) for RCC_APB1PeriphResetCmd
    stm32f10x_cec.o(.text) refers to stm32f10x_rcc.o(.text) for RCC_APB1PeriphResetCmd
    stm32f10x_dac.o(.text) refers to stm32f10x_rcc.o(.text) for RCC_APB1PeriphResetCmd
    stm32f10x_gpio.o(.text) refers to stm32f10x_rcc.o(.text) for RCC_APB2PeriphResetCmd
    stm32f10x_i2c.o(.text) refers to stm32f10x_rcc.o(.text) for RCC_APB1PeriphResetCmd
    stm32f10x_pwr.o(.text) refers to stm32f10x_rcc.o(.text) for RCC_APB1PeriphResetCmd
    stm32f10x_rcc.o(.text) refers to stm32f10x_rcc.o(.data) for APBAHBPrescTable
    stm32f10x_spi.o(.text) refers to stm32f10x_rcc.o(.text) for RCC_APB2PeriphResetCmd
    stm32f10x_tim.o(.text) refers to stm32f10x_rcc.o(.text) for RCC_APB2PeriphResetCmd
    stm32f10x_usart.o(.text) refers to stm32f10x_rcc.o(.text) for RCC_APB2PeriphResetCmd
    stm32f10x_wwdg.o(.text) refers to stm32f10x_rcc.o(.text) for RCC_APB1PeriphResetCmd
    main.o(.text) refers to bsp_usart.o(.text) for USART_Config
    main.o(.text) refers to psd_led.o(.text) for LED_GPIO_Config
    main.o(.text) refers to bsp_tim.o(.text) for GENERAL_TIM_Init
    main.o(.text) refers to bsp_ultrasonic.o(.text) for ULTRASONIC_Init
    main.o(.text) refers to bsp_digital.o(.text) for Digital_Init
    main.o(.text) refers to bsp_motor.o(.text) for Go_Ahead
    main.o(.text) refers to bsp_speed.o(.text) for Go_Ahead_speed
    main.o(.text) refers to printfa.o(i.__0printf) for __2printf
    main.o(.text) refers to bsp_delay.o(.text) for Delay_ms
    main.o(.text) refers to stm32f10x_it.o(.data) for speedr_CNT_sum
    stm32f10x_it.o(.text) refers to stm32f10x_tim.o(.text) for TIM_GetITStatus
    stm32f10x_it.o(.text) refers to stm32f10x_exti.o(.text) for EXTI_GetITStatus
    stm32f10x_it.o(.text) refers to stm32f10x_usart.o(.text) for USART_GetITStatus
    stm32f10x_it.o(.text) refers to printfa.o(i.__0printf) for __2printf
    stm32f10x_it.o(.text) refers to bsp_tim.o(.data) for time
    stm32f10x_it.o(.text) refers to stm32f10x_it.o(.data) for time_SPEEDl
    bsp_usart.o(.text) refers to misc.o(.text) for NVIC_PriorityGroupConfig
    bsp_usart.o(.text) refers to stm32f10x_rcc.o(.text) for RCC_APB2PeriphClockCmd
    bsp_usart.o(.text) refers to stm32f10x_gpio.o(.text) for GPIO_Init
    bsp_usart.o(.text) refers to stm32f10x_usart.o(.text) for USART_Init
    psd_led.o(.text) refers to stm32f10x_rcc.o(.text) for RCC_APB2PeriphClockCmd
    psd_led.o(.text) refers to stm32f10x_gpio.o(.text) for GPIO_Init
    bsp_digital.o(.text) refers to stm32f10x_rcc.o(.text) for RCC_APB2PeriphClockCmd
    bsp_digital.o(.text) refers to stm32f10x_gpio.o(.text) for GPIO_Init
    bsp_digital.o(.text) refers to stm32f10x_exti.o(.text) for EXTI_Init
    bsp_digital.o(.text) refers to misc.o(.text) for NVIC_PriorityGroupConfig
    bsp_motor.o(.text) refers to stm32f10x_tim.o(.text) for TIM_SetCompare1
    bsp_speed.o(.text) refers to dfltui.o(.text) for __aeabi_ui2d
    bsp_speed.o(.text) refers to ddiv.o(.text) for __aeabi_ddiv
    bsp_speed.o(.text) refers to dmul.o(.text) for __aeabi_dmul
    bsp_speed.o(.text) refers to d2f.o(.text) for __aeabi_d2f
    bsp_speed.o(.text) refers to f2d.o(.text) for __aeabi_f2d
    bsp_speed.o(.text) refers to cfrcmple.o(.text) for __aeabi_cfrcmple
    bsp_speed.o(.text) refers to cfcmple.o(.text) for __aeabi_cfcmple
    bsp_speed.o(.text) refers to printfa.o(i.__0printf) for __2printf
    bsp_speed.o(.text) refers to bsp_motor.o(.text) for Go_Ahead
    bsp_speed.o(.text) refers to bsp_speed.o(.bss) for pid
    bsp_speed.o(.text) refers to stm32f10x_it.o(.data) for speedl_CNT_sum
    bsp_speed.o(.text) refers to bsp_speed.o(.data) for comparel
    bsp_tim.o(.text) refers to misc.o(.text) for NVIC_PriorityGroupConfig
    bsp_tim.o(.text) refers to stm32f10x_rcc.o(.text) for RCC_APB1PeriphClockCmd
    bsp_tim.o(.text) refers to stm32f10x_tim.o(.text) for TIM_TimeBaseInit
    bsp_tim.o(.text) refers to bsp_delay.o(.text) for Delay_ms
    bsp_tim.o(.text) refers to stm32f10x_gpio.o(.text) for GPIO_Init
    bsp_tim.o(.text) refers to bsp_tim.o(.data) for time
    bsp_ultrasonic.o(.text) refers to stm32f10x_rcc.o(.text) for RCC_APB2PeriphClockCmd
    bsp_ultrasonic.o(.text) refers to stm32f10x_gpio.o(.text) for GPIO_Init
    bsp_ultrasonic.o(.text) refers to bsp_delay.o(.text) for Delay_us
    bsp_ultrasonic.o(.text) refers to bsp_tim.o(.text) for Open_TIM
    bsp_ultrasonic.o(.text) refers to ffltui.o(.text) for __aeabi_ui2f
    bsp_ultrasonic.o(.text) refers to f2d.o(.text) for __aeabi_f2d
    bsp_ultrasonic.o(.text) refers to ddiv.o(.text) for __aeabi_ddiv
    bsp_ultrasonic.o(.text) refers to d2f.o(.text) for __aeabi_d2f
    bsp_ultrasonic.o(.text) refers to fadd.o(.text) for __aeabi_fadd
    entry.o(.ARM.Collect$$$$00000000) refers (Special) to entry10a.o(.ARM.Collect$$$$0000000D) for __rt_final_cpp
    entry.o(.ARM.Collect$$$$00000000) refers (Special) to entry11a.o(.ARM.Collect$$$$0000000F) for __rt_final_exit
    entry.o(.ARM.Collect$$$$00000000) refers (Special) to entry7b.o(.ARM.Collect$$$$00000008) for _main_clock
    entry.o(.ARM.Collect$$$$00000000) refers (Special) to entry8b.o(.ARM.Collect$$$$0000000A) for _main_cpp_init
    entry.o(.ARM.Collect$$$$00000000) refers (Special) to entry9a.o(.ARM.Collect$$$$0000000B) for _main_init
    entry.o(.ARM.Collect$$$$00000000) refers (Special) to entry5.o(.ARM.Collect$$$$00000004) for _main_scatterload
    entry.o(.ARM.Collect$$$$00000000) refers (Special) to entry2.o(.ARM.Collect$$$$00000001) for _main_stk
    printfb.o(i.__0fprintf$bare) refers to printfb.o(i._printf_core) for _printf_core
    printfb.o(i.__0fprintf$bare) refers to bsp_usart.o(.text) for fputc
    printfb.o(i.__0printf$bare) refers to printfb.o(i._printf_core) for _printf_core
    printfb.o(i.__0printf$bare) refers to bsp_usart.o(.text) for fputc
    printfb.o(i.__0printf$bare) refers to stdout.o(.data) for __stdout
    printfb.o(i.__0snprintf$bare) refers to printfb.o(i._printf_core) for _printf_core
    printfb.o(i.__0snprintf$bare) refers to printfb.o(i._snputc) for _snputc
    printfb.o(i.__0sprintf$bare) refers to printfb.o(i._printf_core) for _printf_core
    printfb.o(i.__0sprintf$bare) refers to printfb.o(i._sputc) for _sputc
    printfb.o(i.__0vfprintf$bare) refers to printfb.o(i._printf_core) for _printf_core
    printfb.o(i.__0vfprintf$bare) refers to bsp_usart.o(.text) for fputc
    printfb.o(i.__0vprintf$bare) refers to printfb.o(i._printf_core) for _printf_core
    printfb.o(i.__0vprintf$bare) refers to bsp_usart.o(.text) for fputc
    printfb.o(i.__0vprintf$bare) refers to stdout.o(.data) for __stdout
    printfb.o(i.__0vsnprintf$bare) refers to printfb.o(i._printf_core) for _printf_core
    printfb.o(i.__0vsnprintf$bare) refers to printfb.o(i._snputc) for _snputc
    printfb.o(i.__0vsprintf$bare) refers to printfb.o(i._printf_core) for _printf_core
    printfb.o(i.__0vsprintf$bare) refers to printfb.o(i._sputc) for _sputc
    printf0.o(i.__0fprintf$0) refers to printf0.o(i._printf_core) for _printf_core
    printf0.o(i.__0fprintf$0) refers to bsp_usart.o(.text) for fputc
    printf0.o(i.__0printf$0) refers to printf0.o(i._printf_core) for _printf_core
    printf0.o(i.__0printf$0) refers to bsp_usart.o(.text) for fputc
    printf0.o(i.__0printf$0) refers to stdout.o(.data) for __stdout
    printf0.o(i.__0snprintf$0) refers to printf0.o(i._printf_core) for _printf_core
    printf0.o(i.__0snprintf$0) refers to printf0.o(i._snputc) for _snputc
    printf0.o(i.__0sprintf$0) refers to printf0.o(i._printf_core) for _printf_core
    printf0.o(i.__0sprintf$0) refers to printf0.o(i._sputc) for _sputc
    printf0.o(i.__0vfprintf$0) refers to printf0.o(i._printf_core) for _printf_core
    printf0.o(i.__0vfprintf$0) refers to bsp_usart.o(.text) for fputc
    printf0.o(i.__0vprintf$0) refers to printf0.o(i._printf_core) for _printf_core
    printf0.o(i.__0vprintf$0) refers to bsp_usart.o(.text) for fputc
    printf0.o(i.__0vprintf$0) refers to stdout.o(.data) for __stdout
    printf0.o(i.__0vsnprintf$0) refers to printf0.o(i._printf_core) for _printf_core
    printf0.o(i.__0vsnprintf$0) refers to printf0.o(i._snputc) for _snputc
    printf0.o(i.__0vsprintf$0) refers to printf0.o(i._printf_core) for _printf_core
    printf0.o(i.__0vsprintf$0) refers to printf0.o(i._sputc) for _sputc
    printf1.o(i.__0fprintf$1) refers to printf1.o(i._printf_core) for _printf_core
    printf1.o(i.__0fprintf$1) refers to bsp_usart.o(.text) for fputc
    printf1.o(i.__0printf$1) refers to printf1.o(i._printf_core) for _printf_core
    printf1.o(i.__0printf$1) refers to bsp_usart.o(.text) for fputc
    printf1.o(i.__0printf$1) refers to stdout.o(.data) for __stdout
    printf1.o(i.__0snprintf$1) refers to printf1.o(i._printf_core) for _printf_core
    printf1.o(i.__0snprintf$1) refers to printf1.o(i._snputc) for _snputc
    printf1.o(i.__0sprintf$1) refers to printf1.o(i._printf_core) for _printf_core
    printf1.o(i.__0sprintf$1) refers to printf1.o(i._sputc) for _sputc
    printf1.o(i.__0vfprintf$1) refers to printf1.o(i._printf_core) for _printf_core
    printf1.o(i.__0vfprintf$1) refers to bsp_usart.o(.text) for fputc
    printf1.o(i.__0vprintf$1) refers to printf1.o(i._printf_core) for _printf_core
    printf1.o(i.__0vprintf$1) refers to bsp_usart.o(.text) for fputc
    printf1.o(i.__0vprintf$1) refers to stdout.o(.data) for __stdout
    printf1.o(i.__0vsnprintf$1) refers to printf1.o(i._printf_core) for _printf_core
    printf1.o(i.__0vsnprintf$1) refers to printf1.o(i._snputc) for _snputc
    printf1.o(i.__0vsprintf$1) refers to printf1.o(i._printf_core) for _printf_core
    printf1.o(i.__0vsprintf$1) refers to printf1.o(i._sputc) for _sputc
    printf1.o(i._printf_core) refers to uidiv.o(.text) for __aeabi_uidivmod
    printf2.o(i.__0fprintf$2) refers to printf2.o(i._printf_core) for _printf_core
    printf2.o(i.__0fprintf$2) refers to bsp_usart.o(.text) for fputc
    printf2.o(i.__0printf$2) refers to printf2.o(i._printf_core) for _printf_core
    printf2.o(i.__0printf$2) refers to bsp_usart.o(.text) for fputc
    printf2.o(i.__0printf$2) refers to stdout.o(.data) for __stdout
    printf2.o(i.__0snprintf$2) refers to printf2.o(i._printf_core) for _printf_core
    printf2.o(i.__0snprintf$2) refers to printf2.o(i._snputc) for _snputc
    printf2.o(i.__0sprintf$2) refers to printf2.o(i._printf_core) for _printf_core
    printf2.o(i.__0sprintf$2) refers to printf2.o(i._sputc) for _sputc
    printf2.o(i.__0vfprintf$2) refers to printf2.o(i._printf_core) for _printf_core
    printf2.o(i.__0vfprintf$2) refers to bsp_usart.o(.text) for fputc
    printf2.o(i.__0vprintf$2) refers to printf2.o(i._printf_core) for _printf_core
    printf2.o(i.__0vprintf$2) refers to bsp_usart.o(.text) for fputc
    printf2.o(i.__0vprintf$2) refers to stdout.o(.data) for __stdout
    printf2.o(i.__0vsnprintf$2) refers to printf2.o(i._printf_core) for _printf_core
    printf2.o(i.__0vsnprintf$2) refers to printf2.o(i._snputc) for _snputc
    printf2.o(i.__0vsprintf$2) refers to printf2.o(i._printf_core) for _printf_core
    printf2.o(i.__0vsprintf$2) refers to printf2.o(i._sputc) for _sputc
    printf3.o(i.__0fprintf$3) refers to printf3.o(i._printf_core) for _printf_core
    printf3.o(i.__0fprintf$3) refers to bsp_usart.o(.text) for fputc
    printf3.o(i.__0printf$3) refers to printf3.o(i._printf_core) for _printf_core
    printf3.o(i.__0printf$3) refers to bsp_usart.o(.text) for fputc
    printf3.o(i.__0printf$3) refers to stdout.o(.data) for __stdout
    printf3.o(i.__0snprintf$3) refers to printf3.o(i._printf_core) for _printf_core
    printf3.o(i.__0snprintf$3) refers to printf3.o(i._snputc) for _snputc
    printf3.o(i.__0sprintf$3) refers to printf3.o(i._printf_core) for _printf_core
    printf3.o(i.__0sprintf$3) refers to printf3.o(i._sputc) for _sputc
    printf3.o(i.__0vfprintf$3) refers to printf3.o(i._printf_core) for _printf_core
    printf3.o(i.__0vfprintf$3) refers to bsp_usart.o(.text) for fputc
    printf3.o(i.__0vprintf$3) refers to printf3.o(i._printf_core) for _printf_core
    printf3.o(i.__0vprintf$3) refers to bsp_usart.o(.text) for fputc
    printf3.o(i.__0vprintf$3) refers to stdout.o(.data) for __stdout
    printf3.o(i.__0vsnprintf$3) refers to printf3.o(i._printf_core) for _printf_core
    printf3.o(i.__0vsnprintf$3) refers to printf3.o(i._snputc) for _snputc
    printf3.o(i.__0vsprintf$3) refers to printf3.o(i._printf_core) for _printf_core
    printf3.o(i.__0vsprintf$3) refers to printf3.o(i._sputc) for _sputc
    printf3.o(i._printf_core) refers to uidiv.o(.text) for __aeabi_uidivmod
    printf4.o(i.__0fprintf$4) refers to printf4.o(i._printf_core) for _printf_core
    printf4.o(i.__0fprintf$4) refers to bsp_usart.o(.text) for fputc
    printf4.o(i.__0printf$4) refers to printf4.o(i._printf_core) for _printf_core
    printf4.o(i.__0printf$4) refers to bsp_usart.o(.text) for fputc
    printf4.o(i.__0printf$4) refers to stdout.o(.data) for __stdout
    printf4.o(i.__0snprintf$4) refers to printf4.o(i._printf_core) for _printf_core
    printf4.o(i.__0snprintf$4) refers to printf4.o(i._snputc) for _snputc
    printf4.o(i.__0sprintf$4) refers to printf4.o(i._printf_core) for _printf_core
    printf4.o(i.__0sprintf$4) refers to printf4.o(i._sputc) for _sputc
    printf4.o(i.__0vfprintf$4) refers to printf4.o(i._printf_core) for _printf_core
    printf4.o(i.__0vfprintf$4) refers to bsp_usart.o(.text) for fputc
    printf4.o(i.__0vprintf$4) refers to printf4.o(i._printf_core) for _printf_core
    printf4.o(i.__0vprintf$4) refers to bsp_usart.o(.text) for fputc
    printf4.o(i.__0vprintf$4) refers to stdout.o(.data) for __stdout
    printf4.o(i.__0vsnprintf$4) refers to printf4.o(i._printf_core) for _printf_core
    printf4.o(i.__0vsnprintf$4) refers to printf4.o(i._snputc) for _snputc
    printf4.o(i.__0vsprintf$4) refers to printf4.o(i._printf_core) for _printf_core
    printf4.o(i.__0vsprintf$4) refers to printf4.o(i._sputc) for _sputc
    printf4.o(i._printf_core) refers to uldiv.o(.text) for __aeabi_uldivmod
    printf5.o(i.__0fprintf$5) refers to printf5.o(i._printf_core) for _printf_core
    printf5.o(i.__0fprintf$5) refers to bsp_usart.o(.text) for fputc
    printf5.o(i.__0printf$5) refers to printf5.o(i._printf_core) for _printf_core
    printf5.o(i.__0printf$5) refers to bsp_usart.o(.text) for fputc
    printf5.o(i.__0printf$5) refers to stdout.o(.data) for __stdout
    printf5.o(i.__0snprintf$5) refers to printf5.o(i._printf_core) for _printf_core
    printf5.o(i.__0snprintf$5) refers to printf5.o(i._snputc) for _snputc
    printf5.o(i.__0sprintf$5) refers to printf5.o(i._printf_core) for _printf_core
    printf5.o(i.__0sprintf$5) refers to printf5.o(i._sputc) for _sputc
    printf5.o(i.__0vfprintf$5) refers to printf5.o(i._printf_core) for _printf_core
    printf5.o(i.__0vfprintf$5) refers to bsp_usart.o(.text) for fputc
    printf5.o(i.__0vprintf$5) refers to printf5.o(i._printf_core) for _printf_core
    printf5.o(i.__0vprintf$5) refers to bsp_usart.o(.text) for fputc
    printf5.o(i.__0vprintf$5) refers to stdout.o(.data) for __stdout
    printf5.o(i.__0vsnprintf$5) refers to printf5.o(i._printf_core) for _printf_core
    printf5.o(i.__0vsnprintf$5) refers to printf5.o(i._snputc) for _snputc
    printf5.o(i.__0vsprintf$5) refers to printf5.o(i._printf_core) for _printf_core
    printf5.o(i.__0vsprintf$5) refers to printf5.o(i._sputc) for _sputc
    printf5.o(i._printf_core) refers to uldiv.o(.text) for __aeabi_uldivmod
    printf6.o(i.__0fprintf$6) refers to printf6.o(i._printf_core) for _printf_core
    printf6.o(i.__0fprintf$6) refers to bsp_usart.o(.text) for fputc
    printf6.o(i.__0printf$6) refers to printf6.o(i._printf_core) for _printf_core
    printf6.o(i.__0printf$6) refers to bsp_usart.o(.text) for fputc
    printf6.o(i.__0printf$6) refers to stdout.o(.data) for __stdout
    printf6.o(i.__0snprintf$6) refers to printf6.o(i._printf_core) for _printf_core
    printf6.o(i.__0snprintf$6) refers to printf6.o(i._snputc) for _snputc
    printf6.o(i.__0sprintf$6) refers to printf6.o(i._printf_core) for _printf_core
    printf6.o(i.__0sprintf$6) refers to printf6.o(i._sputc) for _sputc
    printf6.o(i.__0vfprintf$6) refers to printf6.o(i._printf_core) for _printf_core
    printf6.o(i.__0vfprintf$6) refers to bsp_usart.o(.text) for fputc
    printf6.o(i.__0vprintf$6) refers to printf6.o(i._printf_core) for _printf_core
    printf6.o(i.__0vprintf$6) refers to bsp_usart.o(.text) for fputc
    printf6.o(i.__0vprintf$6) refers to stdout.o(.data) for __stdout
    printf6.o(i.__0vsnprintf$6) refers to printf6.o(i._printf_core) for _printf_core
    printf6.o(i.__0vsnprintf$6) refers to printf6.o(i._snputc) for _snputc
    printf6.o(i.__0vsprintf$6) refers to printf6.o(i._printf_core) for _printf_core
    printf6.o(i.__0vsprintf$6) refers to printf6.o(i._sputc) for _sputc
    printf6.o(i._printf_core) refers to printf6.o(i._printf_pre_padding) for _printf_pre_padding
    printf6.o(i._printf_core) refers to uidiv.o(.text) for __aeabi_uidivmod
    printf6.o(i._printf_core) refers to printf6.o(i._printf_post_padding) for _printf_post_padding
    printf7.o(i.__0fprintf$7) refers to printf7.o(i._printf_core) for _printf_core
    printf7.o(i.__0fprintf$7) refers to bsp_usart.o(.text) for fputc
    printf7.o(i.__0printf$7) refers to printf7.o(i._printf_core) for _printf_core
    printf7.o(i.__0printf$7) refers to bsp_usart.o(.text) for fputc
    printf7.o(i.__0printf$7) refers to stdout.o(.data) for __stdout
    printf7.o(i.__0snprintf$7) refers to printf7.o(i._printf_core) for _printf_core
    printf7.o(i.__0snprintf$7) refers to printf7.o(i._snputc) for _snputc
    printf7.o(i.__0sprintf$7) refers to printf7.o(i._printf_core) for _printf_core
    printf7.o(i.__0sprintf$7) refers to printf7.o(i._sputc) for _sputc
    printf7.o(i.__0vfprintf$7) refers to printf7.o(i._printf_core) for _printf_core
    printf7.o(i.__0vfprintf$7) refers to bsp_usart.o(.text) for fputc
    printf7.o(i.__0vprintf$7) refers to printf7.o(i._printf_core) for _printf_core
    printf7.o(i.__0vprintf$7) refers to bsp_usart.o(.text) for fputc
    printf7.o(i.__0vprintf$7) refers to stdout.o(.data) for __stdout
    printf7.o(i.__0vsnprintf$7) refers to printf7.o(i._printf_core) for _printf_core
    printf7.o(i.__0vsnprintf$7) refers to printf7.o(i._snputc) for _snputc
    printf7.o(i.__0vsprintf$7) refers to printf7.o(i._printf_core) for _printf_core
    printf7.o(i.__0vsprintf$7) refers to printf7.o(i._sputc) for _sputc
    printf7.o(i._printf_core) refers to printf7.o(i._printf_pre_padding) for _printf_pre_padding
    printf7.o(i._printf_core) refers to uldiv.o(.text) for __aeabi_uldivmod
    printf7.o(i._printf_core) refers to printf7.o(i._printf_post_padding) for _printf_post_padding
    printf8.o(i.__0fprintf$8) refers to printf8.o(i._printf_core) for _printf_core
    printf8.o(i.__0fprintf$8) refers to bsp_usart.o(.text) for fputc
    printf8.o(i.__0printf$8) refers to printf8.o(i._printf_core) for _printf_core
    printf8.o(i.__0printf$8) refers to bsp_usart.o(.text) for fputc
    printf8.o(i.__0printf$8) refers to stdout.o(.data) for __stdout
    printf8.o(i.__0snprintf$8) refers to printf8.o(i._printf_core) for _printf_core
    printf8.o(i.__0snprintf$8) refers to printf8.o(i._snputc) for _snputc
    printf8.o(i.__0sprintf$8) refers to printf8.o(i._printf_core) for _printf_core
    printf8.o(i.__0sprintf$8) refers to printf8.o(i._sputc) for _sputc
    printf8.o(i.__0vfprintf$8) refers to printf8.o(i._printf_core) for _printf_core
    printf8.o(i.__0vfprintf$8) refers to bsp_usart.o(.text) for fputc
    printf8.o(i.__0vprintf$8) refers to printf8.o(i._printf_core) for _printf_core
    printf8.o(i.__0vprintf$8) refers to bsp_usart.o(.text) for fputc
    printf8.o(i.__0vprintf$8) refers to stdout.o(.data) for __stdout
    printf8.o(i.__0vsnprintf$8) refers to printf8.o(i._printf_core) for _printf_core
    printf8.o(i.__0vsnprintf$8) refers to printf8.o(i._snputc) for _snputc
    printf8.o(i.__0vsprintf$8) refers to printf8.o(i._printf_core) for _printf_core
    printf8.o(i.__0vsprintf$8) refers to printf8.o(i._sputc) for _sputc
    printf8.o(i._printf_core) refers to printf8.o(i._printf_pre_padding) for _printf_pre_padding
    printf8.o(i._printf_core) refers to uldiv.o(.text) for __aeabi_uldivmod
    printf8.o(i._printf_core) refers to printf8.o(i._printf_post_padding) for _printf_post_padding
    printfa.o(i.__0fprintf) refers (Special) to iusefp.o(.text) for __I$use$fp
    printfa.o(i.__0fprintf) refers to printfa.o(i._printf_core) for _printf_core
    printfa.o(i.__0fprintf) refers to bsp_usart.o(.text) for fputc
    printfa.o(i.__0printf) refers (Special) to iusefp.o(.text) for __I$use$fp
    printfa.o(i.__0printf) refers to printfa.o(i._printf_core) for _printf_core
    printfa.o(i.__0printf) refers to bsp_usart.o(.text) for fputc
    printfa.o(i.__0printf) refers to stdout.o(.data) for __stdout
    printfa.o(i.__0snprintf) refers (Special) to iusefp.o(.text) for __I$use$fp
    printfa.o(i.__0snprintf) refers to printfa.o(i._printf_core) for _printf_core
    printfa.o(i.__0snprintf) refers to printfa.o(i._snputc) for _snputc
    printfa.o(i.__0sprintf) refers (Special) to iusefp.o(.text) for __I$use$fp
    printfa.o(i.__0sprintf) refers to printfa.o(i._printf_core) for _printf_core
    printfa.o(i.__0sprintf) refers to printfa.o(i._sputc) for _sputc
    printfa.o(i.__0vfprintf) refers (Special) to iusefp.o(.text) for __I$use$fp
    printfa.o(i.__0vfprintf) refers to printfa.o(i._printf_core) for _printf_core
    printfa.o(i.__0vfprintf) refers to bsp_usart.o(.text) for fputc
    printfa.o(i.__0vprintf) refers (Special) to iusefp.o(.text) for __I$use$fp
    printfa.o(i.__0vprintf) refers to printfa.o(i._printf_core) for _printf_core
    printfa.o(i.__0vprintf) refers to bsp_usart.o(.text) for fputc
    printfa.o(i.__0vprintf) refers to stdout.o(.data) for __stdout
    printfa.o(i.__0vsnprintf) refers (Special) to iusefp.o(.text) for __I$use$fp
    printfa.o(i.__0vsnprintf) refers to printfa.o(i._printf_core) for _printf_core
    printfa.o(i.__0vsnprintf) refers to printfa.o(i._snputc) for _snputc
    printfa.o(i.__0vsprintf) refers (Special) to iusefp.o(.text) for __I$use$fp
    printfa.o(i.__0vsprintf) refers to printfa.o(i._printf_core) for _printf_core
    printfa.o(i.__0vsprintf) refers to printfa.o(i._sputc) for _sputc
    printfa.o(i._fp_digits) refers (Special) to iusefp.o(.text) for __I$use$fp
    printfa.o(i._fp_digits) refers to dmul.o(.text) for __aeabi_dmul
    printfa.o(i._fp_digits) refers to ddiv.o(.text) for __aeabi_ddiv
    printfa.o(i._fp_digits) refers to cdrcmple.o(.text) for __aeabi_cdrcmple
    printfa.o(i._fp_digits) refers to dadd.o(.text) for __aeabi_dadd
    printfa.o(i._fp_digits) refers to dfixul.o(.text) for __aeabi_d2ulz
    printfa.o(i._fp_digits) refers to uldiv.o(.text) for __aeabi_uldivmod
    printfa.o(i._printf_core) refers (Special) to iusefp.o(.text) for __I$use$fp
    printfa.o(i._printf_core) refers to printfa.o(i._printf_pre_padding) for _printf_pre_padding
    printfa.o(i._printf_core) refers to uldiv.o(.text) for __aeabi_uldivmod
    printfa.o(i._printf_core) refers to printfa.o(i._printf_post_padding) for _printf_post_padding
    printfa.o(i._printf_core) refers to printfa.o(i._fp_digits) for _fp_digits
    printfa.o(i._printf_core) refers to uidiv.o(.text) for __aeabi_uidivmod
    printfa.o(i._printf_post_padding) refers (Special) to iusefp.o(.text) for __I$use$fp
    printfa.o(i._printf_pre_padding) refers (Special) to iusefp.o(.text) for __I$use$fp
    printfa.o(i._snputc) refers (Special) to iusefp.o(.text) for __I$use$fp
    printfa.o(i._sputc) refers (Special) to iusefp.o(.text) for __I$use$fp
    fadd.o(.text) refers (Special) to iusefp.o(.text) for __I$use$fp
    fadd.o(.text) refers to fepilogue.o(.text) for _float_epilogue
    dmul.o(.text) refers (Special) to iusefp.o(.text) for __I$use$fp
    dmul.o(.text) refers to depilogue.o(.text) for _double_epilogue
    ddiv.o(.text) refers (Special) to iusefp.o(.text) for __I$use$fp
    ddiv.o(.text) refers to depilogue.o(.text) for _double_round
    ffltui.o(.text) refers (Special) to iusefp.o(.text) for __I$use$fp
    ffltui.o(.text) refers to fepilogue.o(.text) for _float_epilogue
    dfltui.o(.text) refers (Special) to iusefp.o(.text) for __I$use$fp
    dfltui.o(.text) refers to depilogue.o(.text) for _double_epilogue
    f2d.o(.text) refers (Special) to iusefp.o(.text) for __I$use$fp
    d2f.o(.text) refers (Special) to iusefp.o(.text) for __I$use$fp
    d2f.o(.text) refers to fepilogue.o(.text) for _float_round
    cfcmple.o(.text) refers (Special) to iusefp.o(.text) for __I$use$fp
    cfrcmple.o(.text) refers (Special) to iusefp.o(.text) for __I$use$fp
    entry2.o(.ARM.Collect$$$$00000001) refers to entry2.o(.ARM.Collect$$$$00002712) for __lit__00000000
    entry2.o(.ARM.Collect$$$$00002712) refers to startup_stm32f10x_md.o(STACK) for __initial_sp
    entry2.o(__vectab_stack_and_reset_area) refers to startup_stm32f10x_md.o(STACK) for __initial_sp
    entry2.o(__vectab_stack_and_reset_area) refers to entry.o(.ARM.Collect$$$$00000000) for __main
    entry5.o(.ARM.Collect$$$$00000004) refers to init.o(.text) for __scatterload
    entry9a.o(.ARM.Collect$$$$0000000B) refers to main.o(.text) for main
    entry9b.o(.ARM.Collect$$$$0000000C) refers to main.o(.text) for main
    uldiv.o(.text) refers to llushr.o(.text) for __aeabi_llsr
    uldiv.o(.text) refers to llshl.o(.text) for __aeabi_llsl
    depilogue.o(.text) refers to llshl.o(.text) for __aeabi_llsl
    depilogue.o(.text) refers to llushr.o(.text) for __aeabi_llsr
    dadd.o(.text) refers to llshl.o(.text) for __aeabi_llsl
    dadd.o(.text) refers to llsshr.o(.text) for __aeabi_lasr
    dadd.o(.text) refers to depilogue.o(.text) for _double_epilogue
    dfixul.o(.text) refers to llushr.o(.text) for __aeabi_llsr
    dfixul.o(.text) refers to llshl.o(.text) for __aeabi_llsl
    init.o(.text) refers to entry5.o(.ARM.Collect$$$$00000004) for __main_after_scatterload


==============================================================================

Removing Unused input sections from the image.

    Removing startup_stm32f10x_md.o(HEAP), (512 bytes).
    Removing core_cm3.o(.emb_text), (32 bytes).
    Removing stm32f10x_adc.o(.text), (1102 bytes).
    Removing stm32f10x_bkp.o(.text), (196 bytes).
    Removing stm32f10x_can.o(.text), (2544 bytes).
    Removing stm32f10x_cec.o(.text), (288 bytes).
    Removing stm32f10x_crc.o(.text), (72 bytes).
    Removing stm32f10x_dac.o(.text), (396 bytes).
    Removing stm32f10x_dbgmcu.o(.text), (48 bytes).
    Removing stm32f10x_dma.o(.text), (596 bytes).
    Removing stm32f10x_flash.o(.text), (1468 bytes).
    Removing stm32f10x_fsmc.o(.text), (1548 bytes).
    Removing stm32f10x_i2c.o(.text), (1028 bytes).
    Removing stm32f10x_iwdg.o(.text), (64 bytes).
    Removing stm32f10x_pwr.o(.text), (204 bytes).
    Removing stm32f10x_rtc.o(.text), (328 bytes).
    Removing stm32f10x_sdio.o(.text), (468 bytes).
    Removing stm32f10x_spi.o(.text), (780 bytes).
    Removing stm32f10x_wwdg.o(.text), (136 bytes).

19 unused section(s) (total 11810 bytes) removed from the image.

==============================================================================

Image Symbol Table

    Local Symbols

    Symbol Name                              Value     Ov Type        Size  Object(Section)

    ../clib/microlib/division.c              0x00000000   Number         0  uldiv.o ABSOLUTE
    ../clib/microlib/division.c              0x00000000   Number         0  uidiv.o ABSOLUTE
    ../clib/microlib/init/entry.s            0x00000000   Number         0  entry11b.o ABSOLUTE
    ../clib/microlib/init/entry.s            0x00000000   Number         0  entry11a.o ABSOLUTE
    ../clib/microlib/init/entry.s            0x00000000   Number         0  entry10b.o ABSOLUTE
    ../clib/microlib/init/entry.s            0x00000000   Number         0  entry10a.o ABSOLUTE
    ../clib/microlib/init/entry.s            0x00000000   Number         0  entry5.o ABSOLUTE
    ../clib/microlib/init/entry.s            0x00000000   Number         0  entry2.o ABSOLUTE
    ../clib/microlib/init/entry.s            0x00000000   Number         0  entry7a.o ABSOLUTE
    ../clib/microlib/init/entry.s            0x00000000   Number         0  entry9b.o ABSOLUTE
    ../clib/microlib/init/entry.s            0x00000000   Number         0  entry9a.o ABSOLUTE
    ../clib/microlib/init/entry.s            0x00000000   Number         0  entry8b.o ABSOLUTE
    ../clib/microlib/init/entry.s            0x00000000   Number         0  entry8a.o ABSOLUTE
    ../clib/microlib/init/entry.s            0x00000000   Number         0  entry7b.o ABSOLUTE
    ../clib/microlib/init/entry.s            0x00000000   Number         0  entry.o ABSOLUTE
    ../clib/microlib/longlong.c              0x00000000   Number         0  llsshr.o ABSOLUTE
    ../clib/microlib/longlong.c              0x00000000   Number         0  llushr.o ABSOLUTE
    ../clib/microlib/longlong.c              0x00000000   Number         0  llshl.o ABSOLUTE
    ../clib/microlib/printf/printf.c         0x00000000   Number         0  printf3.o ABSOLUTE
    ../clib/microlib/printf/printf.c         0x00000000   Number         0  printf4.o ABSOLUTE
    ../clib/microlib/printf/printf.c         0x00000000   Number         0  printf5.o ABSOLUTE
    ../clib/microlib/printf/printf.c         0x00000000   Number         0  printf6.o ABSOLUTE
    ../clib/microlib/printf/printf.c         0x00000000   Number         0  printf0.o ABSOLUTE
    ../clib/microlib/printf/printf.c         0x00000000   Number         0  printf7.o ABSOLUTE
    ../clib/microlib/printf/printf.c         0x00000000   Number         0  printf8.o ABSOLUTE
    ../clib/microlib/printf/printf.c         0x00000000   Number         0  printfa.o ABSOLUTE
    ../clib/microlib/printf/printf.c         0x00000000   Number         0  printf2.o ABSOLUTE
    ../clib/microlib/printf/printf.c         0x00000000   Number         0  printf1.o ABSOLUTE
    ../clib/microlib/printf/printf.c         0x00000000   Number         0  printfb.o ABSOLUTE
    ../clib/microlib/printf/stubs.s          0x00000000   Number         0  stubs.o ABSOLUTE
    ../clib/microlib/stdio/streams.c         0x00000000   Number         0  stdout.o ABSOLUTE
    ../clib/microlib/stubs.s                 0x00000000   Number         0  iusefp.o ABSOLUTE
    ../fplib/microlib/d2f.c                  0x00000000   Number         0  d2f.o ABSOLUTE
    ../fplib/microlib/f2d.c                  0x00000000   Number         0  f2d.o ABSOLUTE
    ../fplib/microlib/fpadd.c                0x00000000   Number         0  fadd.o ABSOLUTE
    ../fplib/microlib/fpadd.c                0x00000000   Number         0  dadd.o ABSOLUTE
    ../fplib/microlib/fpdiv.c                0x00000000   Number         0  ddiv.o ABSOLUTE
    ../fplib/microlib/fpepilogue.c           0x00000000   Number         0  fepilogue.o ABSOLUTE
    ../fplib/microlib/fpepilogue.c           0x00000000   Number         0  depilogue.o ABSOLUTE
    ../fplib/microlib/fpfix.c                0x00000000   Number         0  dfixul.o ABSOLUTE
    ../fplib/microlib/fpflt.c                0x00000000   Number         0  dfltui.o ABSOLUTE
    ../fplib/microlib/fpflt.c                0x00000000   Number         0  ffltui.o ABSOLUTE
    ../fplib/microlib/fpmul.c                0x00000000   Number         0  dmul.o ABSOLUTE
    ..\Libraries\CMSIS\core_cm3.c            0x00000000   Number         0  core_cm3.o ABSOLUTE
    ..\Libraries\CMSIS\startup\startup_stm32f10x_md.s 0x00000000   Number         0  startup_stm32f10x_md.o ABSOLUTE
    ..\Libraries\CMSIS\system_stm32f10x.c    0x00000000   Number         0  system_stm32f10x.o ABSOLUTE
    ..\Libraries\STM32F10x_StdPeriph_Driver\src\misc.c 0x00000000   Number         0  misc.o ABSOLUTE
    ..\Libraries\STM32F10x_StdPeriph_Driver\src\stm32f10x_adc.c 0x00000000   Number         0  stm32f10x_adc.o ABSOLUTE
    ..\Libraries\STM32F10x_StdPeriph_Driver\src\stm32f10x_bkp.c 0x00000000   Number         0  stm32f10x_bkp.o ABSOLUTE
    ..\Libraries\STM32F10x_StdPeriph_Driver\src\stm32f10x_can.c 0x00000000   Number         0  stm32f10x_can.o ABSOLUTE
    ..\Libraries\STM32F10x_StdPeriph_Driver\src\stm32f10x_cec.c 0x00000000   Number         0  stm32f10x_cec.o ABSOLUTE
    ..\Libraries\STM32F10x_StdPeriph_Driver\src\stm32f10x_crc.c 0x00000000   Number         0  stm32f10x_crc.o ABSOLUTE
    ..\Libraries\STM32F10x_StdPeriph_Driver\src\stm32f10x_dac.c 0x00000000   Number         0  stm32f10x_dac.o ABSOLUTE
    ..\Libraries\STM32F10x_StdPeriph_Driver\src\stm32f10x_dbgmcu.c 0x00000000   Number         0  stm32f10x_dbgmcu.o ABSOLUTE
    ..\Libraries\STM32F10x_StdPeriph_Driver\src\stm32f10x_dma.c 0x00000000   Number         0  stm32f10x_dma.o ABSOLUTE
    ..\Libraries\STM32F10x_StdPeriph_Driver\src\stm32f10x_exti.c 0x00000000   Number         0  stm32f10x_exti.o ABSOLUTE
    ..\Libraries\STM32F10x_StdPeriph_Driver\src\stm32f10x_flash.c 0x00000000   Number         0  stm32f10x_flash.o ABSOLUTE
    ..\Libraries\STM32F10x_StdPeriph_Driver\src\stm32f10x_fsmc.c 0x00000000   Number         0  stm32f10x_fsmc.o ABSOLUTE
    ..\Libraries\STM32F10x_StdPeriph_Driver\src\stm32f10x_gpio.c 0x00000000   Number         0  stm32f10x_gpio.o ABSOLUTE
    ..\Libraries\STM32F10x_StdPeriph_Driver\src\stm32f10x_i2c.c 0x00000000   Number         0  stm32f10x_i2c.o ABSOLUTE
    ..\Libraries\STM32F10x_StdPeriph_Driver\src\stm32f10x_iwdg.c 0x00000000   Number         0  stm32f10x_iwdg.o ABSOLUTE
    ..\Libraries\STM32F10x_StdPeriph_Driver\src\stm32f10x_pwr.c 0x00000000   Number         0  stm32f10x_pwr.o ABSOLUTE
    ..\Libraries\STM32F10x_StdPeriph_Driver\src\stm32f10x_rcc.c 0x00000000   Number         0  stm32f10x_rcc.o ABSOLUTE
    ..\Libraries\STM32F10x_StdPeriph_Driver\src\stm32f10x_rtc.c 0x00000000   Number         0  stm32f10x_rtc.o ABSOLUTE
    ..\Libraries\STM32F10x_StdPeriph_Driver\src\stm32f10x_sdio.c 0x00000000   Number         0  stm32f10x_sdio.o ABSOLUTE
    ..\Libraries\STM32F10x_StdPeriph_Driver\src\stm32f10x_spi.c 0x00000000   Number         0  stm32f10x_spi.o ABSOLUTE
    ..\Libraries\STM32F10x_StdPeriph_Driver\src\stm32f10x_tim.c 0x00000000   Number         0  stm32f10x_tim.o ABSOLUTE
    ..\Libraries\STM32F10x_StdPeriph_Driver\src\stm32f10x_usart.c 0x00000000   Number         0  stm32f10x_usart.o ABSOLUTE
    ..\Libraries\STM32F10x_StdPeriph_Driver\src\stm32f10x_wwdg.c 0x00000000   Number         0  stm32f10x_wwdg.o ABSOLUTE
    ..\User\delay\bsp_delay.c                0x00000000   Number         0  bsp_delay.o ABSOLUTE
    ..\User\digital\bsp_digital.c            0x00000000   Number         0  bsp_digital.o ABSOLUTE
    ..\User\led\psd_led.c                    0x00000000   Number         0  psd_led.o ABSOLUTE
    ..\User\main.c                           0x00000000   Number         0  main.o ABSOLUTE
    ..\User\motor\bsp_motor.c                0x00000000   Number         0  bsp_motor.o ABSOLUTE
    ..\User\servo\bsp_servo.c                0x00000000   Number         0  bsp_servo.o ABSOLUTE
    ..\User\speed\bsp_speed.c                0x00000000   Number         0  bsp_speed.o ABSOLUTE
    ..\User\stm32f10x_it.c                   0x00000000   Number         0  stm32f10x_it.o ABSOLUTE
    ..\User\tim\bsp_tim.c                    0x00000000   Number         0  bsp_tim.o ABSOLUTE
    ..\User\ultrasonic\bsp_ultrasonic.c      0x00000000   Number         0  bsp_ultrasonic.o ABSOLUTE
    ..\User\usart\bsp_usart.c                0x00000000   Number         0  bsp_usart.o ABSOLUTE
    ..\\Libraries\\CMSIS\\core_cm3.c         0x00000000   Number         0  core_cm3.o ABSOLUTE
    cdrcmple.s                               0x00000000   Number         0  cdrcmple.o ABSOLUTE
    cfcmple.s                                0x00000000   Number         0  cfcmple.o ABSOLUTE
    cfrcmple.s                               0x00000000   Number         0  cfrcmple.o ABSOLUTE
    dc.s                                     0x00000000   Number         0  dc.o ABSOLUTE
    handlers.s                               0x00000000   Number         0  handlers.o ABSOLUTE
    init.s                                   0x00000000   Number         0  init.o ABSOLUTE
    RESET                                    0x08000000   Section      236  startup_stm32f10x_md.o(RESET)
    .ARM.Collect$$$$00000000                 0x080000ec   Section        0  entry.o(.ARM.Collect$$$$00000000)
    .ARM.Collect$$$$00000001                 0x080000ec   Section        4  entry2.o(.ARM.Collect$$$$00000001)
    .ARM.Collect$$$$00000004                 0x080000f0   Section        4  entry5.o(.ARM.Collect$$$$00000004)
    .ARM.Collect$$$$00000008                 0x080000f4   Section        0  entry7b.o(.ARM.Collect$$$$00000008)
    .ARM.Collect$$$$0000000A                 0x080000f4   Section        0  entry8b.o(.ARM.Collect$$$$0000000A)
    .ARM.Collect$$$$0000000B                 0x080000f4   Section        8  entry9a.o(.ARM.Collect$$$$0000000B)
    .ARM.Collect$$$$0000000D                 0x080000fc   Section        0  entry10a.o(.ARM.Collect$$$$0000000D)
    .ARM.Collect$$$$0000000F                 0x080000fc   Section        0  entry11a.o(.ARM.Collect$$$$0000000F)
    .ARM.Collect$$$$00002712                 0x080000fc   Section        4  entry2.o(.ARM.Collect$$$$00002712)
    __lit__00000000                          0x080000fc   Data           4  entry2.o(.ARM.Collect$$$$00002712)
    .text                                    0x08000100   Section       36  startup_stm32f10x_md.o(.text)
    .text                                    0x08000124   Section        0  system_stm32f10x.o(.text)
    SetSysClockTo72                          0x08000125   Thumb Code   214  system_stm32f10x.o(.text)
    SetSysClock                              0x080001fb   Thumb Code     8  system_stm32f10x.o(.text)
    .text                                    0x08000304   Section        0  misc.o(.text)
    .text                                    0x080003e0   Section        0  stm32f10x_exti.o(.text)
    .text                                    0x080004fc   Section        0  stm32f10x_gpio.o(.text)
    .text                                    0x08000858   Section        0  stm32f10x_rcc.o(.text)
    .text                                    0x08000bfc   Section        0  stm32f10x_tim.o(.text)
    TI4_Config                               0x080010a3   Thumb Code   130  stm32f10x_tim.o(.text)
    TI3_Config                               0x08001137   Thumb Code   122  stm32f10x_tim.o(.text)
    TI2_Config                               0x080011cb   Thumb Code   130  stm32f10x_tim.o(.text)
    TI1_Config                               0x0800125f   Thumb Code   108  stm32f10x_tim.o(.text)
    .text                                    0x08001a18   Section        0  stm32f10x_usart.o(.text)
    .text                                    0x08001e20   Section        0  main.o(.text)
    .text                                    0x08001e9c   Section        0  stm32f10x_it.o(.text)
    .text                                    0x080020a8   Section        0  bsp_usart.o(.text)
    USART_NVIC_Config                        0x080020a9   Thumb Code    40  bsp_usart.o(.text)
    USART2_NVIC_Config                       0x08002159   Thumb Code    42  bsp_usart.o(.text)
    .text                                    0x08002310   Section        0  psd_led.o(.text)
    .text                                    0x08002348   Section        0  bsp_delay.o(.text)
    SysTick_Config                           0x08002349   Thumb Code    76  bsp_delay.o(.text)
    .text                                    0x08002444   Section        0  bsp_digital.o(.text)
    Digital_GPIO_Config                      0x08002445   Thumb Code   184  bsp_digital.o(.text)
    Digital_EXIT_Config                      0x080024fd   Thumb Code    90  bsp_digital.o(.text)
    Digital_NVIC_Config                      0x08002557   Thumb Code   148  bsp_digital.o(.text)
    .text                                    0x08002604   Section        0  bsp_motor.o(.text)
    Go_Aheadl                                0x08002605   Thumb Code    26  bsp_motor.o(.text)
    Go_Backl                                 0x0800261f   Thumb Code    26  bsp_motor.o(.text)
    Go_Aheadr                                0x08002639   Thumb Code    26  bsp_motor.o(.text)
    Go_Backr                                 0x08002653   Thumb Code    26  bsp_motor.o(.text)
    .text                                    0x080026e8   Section        0  bsp_speed.o(.text)
    Get_Speed                                0x08002701   Thumb Code    98  bsp_speed.o(.text)
    Get_Compare                              0x08002763   Thumb Code   224  bsp_speed.o(.text)
    .text                                    0x08002930   Section        0  bsp_tim.o(.text)
    GENERAL_TIM_NVIC_Config                  0x08002931   Thumb Code    42  bsp_tim.o(.text)
    GENERAL_TIM_Config                       0x0800295b   Thumb Code    74  bsp_tim.o(.text)
    GENERAL_TIM4_NVIC_Config                 0x08002a01   Thumb Code    42  bsp_tim.o(.text)
    GENERAL_TIM4_Config                      0x08002a2b   Thumb Code    74  bsp_tim.o(.text)
    TIM1_GPIO_Config                         0x08002a81   Thumb Code    50  bsp_tim.o(.text)
    TIM1_OUT_PWM_Config                      0x08002ab3   Thumb Code   134  bsp_tim.o(.text)
    TIM2_GPIO_Config                         0x08002b45   Thumb Code   112  bsp_tim.o(.text)
    TIM2_OUT_PWM_Config                      0x08002bb5   Thumb Code   154  bsp_tim.o(.text)
    .text                                    0x08002c70   Section        0  bsp_ultrasonic.o(.text)
    ULTRASONIC_Config                        0x08002c71   Thumb Code    66  bsp_ultrasonic.o(.text)
    .text                                    0x08002d78   Section        0  fadd.o(.text)
    .text                                    0x08002e28   Section        0  dmul.o(.text)
    .text                                    0x08002f0c   Section        0  ddiv.o(.text)
    .text                                    0x08002fea   Section        0  ffltui.o(.text)
    .text                                    0x08002ff4   Section        0  dfltui.o(.text)
    .text                                    0x0800300e   Section        0  f2d.o(.text)
    .text                                    0x08003034   Section        0  d2f.o(.text)
    .text                                    0x0800306c   Section       20  cfcmple.o(.text)
    .text                                    0x08003080   Section       20  cfrcmple.o(.text)
    .text                                    0x08003094   Section        0  uidiv.o(.text)
    .text                                    0x080030c0   Section        0  uldiv.o(.text)
    .text                                    0x08003122   Section        0  fepilogue.o(.text)
    .text                                    0x08003122   Section        0  iusefp.o(.text)
    .text                                    0x08003190   Section        0  depilogue.o(.text)
    .text                                    0x0800324a   Section        0  dadd.o(.text)
    .text                                    0x08003398   Section        0  dfixul.o(.text)
    .text                                    0x080033c8   Section       48  cdrcmple.o(.text)
    .text                                    0x080033f8   Section       36  init.o(.text)
    .text                                    0x0800341c   Section        0  llshl.o(.text)
    .text                                    0x0800343a   Section        0  llushr.o(.text)
    .text                                    0x0800345a   Section        0  llsshr.o(.text)
    i.__0printf                              0x08003480   Section        0  printfa.o(i.__0printf)
    i.__scatterload_copy                     0x080034a0   Section       14  handlers.o(i.__scatterload_copy)
    i.__scatterload_null                     0x080034ae   Section        2  handlers.o(i.__scatterload_null)
    i.__scatterload_zeroinit                 0x080034b0   Section       14  handlers.o(i.__scatterload_zeroinit)
    i._fp_digits                             0x080034c0   Section        0  printfa.o(i._fp_digits)
    _fp_digits                               0x080034c1   Thumb Code   366  printfa.o(i._fp_digits)
    i._printf_core                           0x08003644   Section        0  printfa.o(i._printf_core)
    _printf_core                             0x08003645   Thumb Code  1744  printfa.o(i._printf_core)
    i._printf_post_padding                   0x08003d20   Section        0  printfa.o(i._printf_post_padding)
    _printf_post_padding                     0x08003d21   Thumb Code    36  printfa.o(i._printf_post_padding)
    i._printf_pre_padding                    0x08003d44   Section        0  printfa.o(i._printf_pre_padding)
    _printf_pre_padding                      0x08003d45   Thumb Code    46  printfa.o(i._printf_pre_padding)
    .data                                    0x20000000   Section       20  system_stm32f10x.o(.data)
    .data                                    0x20000014   Section       20  stm32f10x_rcc.o(.data)
    APBAHBPrescTable                         0x20000014   Data          16  stm32f10x_rcc.o(.data)
    ADCPrescTable                            0x20000024   Data           4  stm32f10x_rcc.o(.data)
    .data                                    0x20000028   Section       24  stm32f10x_it.o(.data)
    .data                                    0x20000040   Section        8  bsp_speed.o(.data)
    compare                                  0x20000044   Data           4  bsp_speed.o(.data)
    .data                                    0x20000048   Section        2  bsp_tim.o(.data)
    .data                                    0x2000004c   Section        4  stdout.o(.data)
    .bss                                     0x20000050   Section       44  bsp_speed.o(.bss)
    STACK                                    0x20000080   Section     1024  startup_stm32f10x_md.o(STACK)

    Global Symbols

    Symbol Name                              Value     Ov Type        Size  Object(Section)

    BuildAttributes$$THM_ISAv4$P$D$K$B$S$PE$A:L22UL41UL21$X:L11$S22US41US21$IEEE1$IW$USESV6$~STKCKD$USESV7$~SHL$OTIME$ROPI$EBA8$MICROLIB$REQ8$PRES8$EABIv2 0x00000000   Number         0  anon$$obj.o ABSOLUTE
    __ARM_use_no_argv                        0x00000000   Number         0  main.o ABSOLUTE
    _printf_a                                0x00000000   Number         0  stubs.o ABSOLUTE
    _printf_c                                0x00000000   Number         0  stubs.o ABSOLUTE
    _printf_charcount                        0x00000000   Number         0  stubs.o ABSOLUTE
    _printf_d                                0x00000000   Number         0  stubs.o ABSOLUTE
    _printf_e                                0x00000000   Number         0  stubs.o ABSOLUTE
    _printf_f                                0x00000000   Number         0  stubs.o ABSOLUTE
    _printf_flags                            0x00000000   Number         0  stubs.o ABSOLUTE
    _printf_fp_dec                           0x00000000   Number         0  stubs.o ABSOLUTE
    _printf_fp_hex                           0x00000000   Number         0  stubs.o ABSOLUTE
    _printf_g                                0x00000000   Number         0  stubs.o ABSOLUTE
    _printf_i                                0x00000000   Number         0  stubs.o ABSOLUTE
    _printf_int_dec                          0x00000000   Number         0  stubs.o ABSOLUTE
    _printf_l                                0x00000000   Number         0  stubs.o ABSOLUTE
    _printf_lc                               0x00000000   Number         0  stubs.o ABSOLUTE
    _printf_ll                               0x00000000   Number         0  stubs.o ABSOLUTE
    _printf_lld                              0x00000000   Number         0  stubs.o ABSOLUTE
    _printf_lli                              0x00000000   Number         0  stubs.o ABSOLUTE
    _printf_llo                              0x00000000   Number         0  stubs.o ABSOLUTE
    _printf_llu                              0x00000000   Number         0  stubs.o ABSOLUTE
    _printf_llx                              0x00000000   Number         0  stubs.o ABSOLUTE
    _printf_longlong_dec                     0x00000000   Number         0  stubs.o ABSOLUTE
    _printf_longlong_hex                     0x00000000   Number         0  stubs.o ABSOLUTE
    _printf_longlong_oct                     0x00000000   Number         0  stubs.o ABSOLUTE
    _printf_ls                               0x00000000   Number         0  stubs.o ABSOLUTE
    _printf_mbtowc                           0x00000000   Number         0  stubs.o ABSOLUTE
    _printf_n                                0x00000000   Number         0  stubs.o ABSOLUTE
    _printf_o                                0x00000000   Number         0  stubs.o ABSOLUTE
    _printf_p                                0x00000000   Number         0  stubs.o ABSOLUTE
    _printf_percent                          0x00000000   Number         0  stubs.o ABSOLUTE
    _printf_pre_padding                      0x00000000   Number         0  stubs.o ABSOLUTE
    _printf_return_value                     0x00000000   Number         0  stubs.o ABSOLUTE
    _printf_s                                0x00000000   Number         0  stubs.o ABSOLUTE
    _printf_sizespec                         0x00000000   Number         0  stubs.o ABSOLUTE
    _printf_str                              0x00000000   Number         0  stubs.o ABSOLUTE
    _printf_truncate_signed                  0x00000000   Number         0  stubs.o ABSOLUTE
    _printf_truncate_unsigned                0x00000000   Number         0  stubs.o ABSOLUTE
    _printf_u                                0x00000000   Number         0  stubs.o ABSOLUTE
    _printf_wc                               0x00000000   Number         0  stubs.o ABSOLUTE
    _printf_wctomb                           0x00000000   Number         0  stubs.o ABSOLUTE
    _printf_widthprec                        0x00000000   Number         0  stubs.o ABSOLUTE
    _printf_x                                0x00000000   Number         0  stubs.o ABSOLUTE
    __cpp_initialize__aeabi_                  - Undefined Weak Reference
    __cxa_finalize                            - Undefined Weak Reference
    __decompress                              - Undefined Weak Reference
    _clock_init                               - Undefined Weak Reference
    _microlib_exit                            - Undefined Weak Reference
    __Vectors_Size                           0x000000ec   Number         0  startup_stm32f10x_md.o ABSOLUTE
    __Vectors                                0x08000000   Data           4  startup_stm32f10x_md.o(RESET)
    __Vectors_End                            0x080000ec   Data           0  startup_stm32f10x_md.o(RESET)
    __main                                   0x080000ed   Thumb Code     0  entry.o(.ARM.Collect$$$$00000000)
    _main_stk                                0x080000ed   Thumb Code     0  entry2.o(.ARM.Collect$$$$00000001)
    _main_scatterload                        0x080000f1   Thumb Code     0  entry5.o(.ARM.Collect$$$$00000004)
    __main_after_scatterload                 0x080000f5   Thumb Code     0  entry5.o(.ARM.Collect$$$$00000004)
    _main_clock                              0x080000f5   Thumb Code     0  entry7b.o(.ARM.Collect$$$$00000008)
    _main_cpp_init                           0x080000f5   Thumb Code     0  entry8b.o(.ARM.Collect$$$$0000000A)
    _main_init                               0x080000f5   Thumb Code     0  entry9a.o(.ARM.Collect$$$$0000000B)
    __rt_final_cpp                           0x080000fd   Thumb Code     0  entry10a.o(.ARM.Collect$$$$0000000D)
    __rt_final_exit                          0x080000fd   Thumb Code     0  entry11a.o(.ARM.Collect$$$$0000000F)
    Reset_Handler                            0x08000101   Thumb Code     8  startup_stm32f10x_md.o(.text)
    ADC1_2_IRQHandler                        0x0800011b   Thumb Code     0  startup_stm32f10x_md.o(.text)
    CAN1_RX1_IRQHandler                      0x0800011b   Thumb Code     0  startup_stm32f10x_md.o(.text)
    CAN1_SCE_IRQHandler                      0x0800011b   Thumb Code     0  startup_stm32f10x_md.o(.text)
    DMA1_Channel1_IRQHandler                 0x0800011b   Thumb Code     0  startup_stm32f10x_md.o(.text)
    DMA1_Channel2_IRQHandler                 0x0800011b   Thumb Code     0  startup_stm32f10x_md.o(.text)
    DMA1_Channel3_IRQHandler                 0x0800011b   Thumb Code     0  startup_stm32f10x_md.o(.text)
    DMA1_Channel4_IRQHandler                 0x0800011b   Thumb Code     0  startup_stm32f10x_md.o(.text)
    DMA1_Channel5_IRQHandler                 0x0800011b   Thumb Code     0  startup_stm32f10x_md.o(.text)
    DMA1_Channel6_IRQHandler                 0x0800011b   Thumb Code     0  startup_stm32f10x_md.o(.text)
    DMA1_Channel7_IRQHandler                 0x0800011b   Thumb Code     0  startup_stm32f10x_md.o(.text)
    EXTI2_IRQHandler                         0x0800011b   Thumb Code     0  startup_stm32f10x_md.o(.text)
    EXTI3_IRQHandler                         0x0800011b   Thumb Code     0  startup_stm32f10x_md.o(.text)
    EXTI4_IRQHandler                         0x0800011b   Thumb Code     0  startup_stm32f10x_md.o(.text)
    FLASH_IRQHandler                         0x0800011b   Thumb Code     0  startup_stm32f10x_md.o(.text)
    I2C1_ER_IRQHandler                       0x0800011b   Thumb Code     0  startup_stm32f10x_md.o(.text)
    I2C1_EV_IRQHandler                       0x0800011b   Thumb Code     0  startup_stm32f10x_md.o(.text)
    I2C2_ER_IRQHandler                       0x0800011b   Thumb Code     0  startup_stm32f10x_md.o(.text)
    I2C2_EV_IRQHandler                       0x0800011b   Thumb Code     0  startup_stm32f10x_md.o(.text)
    PVD_IRQHandler                           0x0800011b   Thumb Code     0  startup_stm32f10x_md.o(.text)
    RCC_IRQHandler                           0x0800011b   Thumb Code     0  startup_stm32f10x_md.o(.text)
    RTCAlarm_IRQHandler                      0x0800011b   Thumb Code     0  startup_stm32f10x_md.o(.text)
    RTC_IRQHandler                           0x0800011b   Thumb Code     0  startup_stm32f10x_md.o(.text)
    SPI1_IRQHandler                          0x0800011b   Thumb Code     0  startup_stm32f10x_md.o(.text)
    SPI2_IRQHandler                          0x0800011b   Thumb Code     0  startup_stm32f10x_md.o(.text)
    TAMPER_IRQHandler                        0x0800011b   Thumb Code     0  startup_stm32f10x_md.o(.text)
    TIM1_BRK_IRQHandler                      0x0800011b   Thumb Code     0  startup_stm32f10x_md.o(.text)
    TIM1_CC_IRQHandler                       0x0800011b   Thumb Code     0  startup_stm32f10x_md.o(.text)
    TIM1_TRG_COM_IRQHandler                  0x0800011b   Thumb Code     0  startup_stm32f10x_md.o(.text)
    TIM1_UP_IRQHandler                       0x0800011b   Thumb Code     0  startup_stm32f10x_md.o(.text)
    TIM2_IRQHandler                          0x0800011b   Thumb Code     0  startup_stm32f10x_md.o(.text)
    USART1_IRQHandler                        0x0800011b   Thumb Code     0  startup_stm32f10x_md.o(.text)
    USBWakeUp_IRQHandler                     0x0800011b   Thumb Code     0  startup_stm32f10x_md.o(.text)
    USB_HP_CAN1_TX_IRQHandler                0x0800011b   Thumb Code     0  startup_stm32f10x_md.o(.text)
    USB_LP_CAN1_RX0_IRQHandler               0x0800011b   Thumb Code     0  startup_stm32f10x_md.o(.text)
    WWDG_IRQHandler                          0x0800011b   Thumb Code     0  startup_stm32f10x_md.o(.text)
    SystemInit                               0x08000203   Thumb Code    78  system_stm32f10x.o(.text)
    SystemCoreClockUpdate                    0x08000251   Thumb Code   142  system_stm32f10x.o(.text)
    NVIC_PriorityGroupConfig                 0x08000305   Thumb Code    10  misc.o(.text)
    NVIC_Init                                0x0800030f   Thumb Code   100  misc.o(.text)
    NVIC_SetVectorTable                      0x08000373   Thumb Code    14  misc.o(.text)
    NVIC_SystemLPConfig                      0x08000381   Thumb Code    34  misc.o(.text)
    SysTick_CLKSourceConfig                  0x080003a3   Thumb Code    40  misc.o(.text)
    EXTI_DeInit                              0x080003e1   Thumb Code    28  stm32f10x_exti.o(.text)
    EXTI_Init                                0x080003fd   Thumb Code   142  stm32f10x_exti.o(.text)
    EXTI_StructInit                          0x0800048b   Thumb Code    16  stm32f10x_exti.o(.text)
    EXTI_GenerateSWInterrupt                 0x0800049b   Thumb Code    16  stm32f10x_exti.o(.text)
    EXTI_GetFlagStatus                       0x080004ab   Thumb Code    22  stm32f10x_exti.o(.text)
    EXTI_ClearFlag                           0x080004c1   Thumb Code     8  stm32f10x_exti.o(.text)
    EXTI_GetITStatus                         0x080004c9   Thumb Code    34  stm32f10x_exti.o(.text)
    EXTI_ClearITPendingBit                   0x080004eb   Thumb Code     8  stm32f10x_exti.o(.text)
    GPIO_DeInit                              0x080004fd   Thumb Code   172  stm32f10x_gpio.o(.text)
    GPIO_AFIODeInit                          0x080005a9   Thumb Code    20  stm32f10x_gpio.o(.text)
    GPIO_Init                                0x080005bd   Thumb Code   278  stm32f10x_gpio.o(.text)
    GPIO_StructInit                          0x080006d3   Thumb Code    16  stm32f10x_gpio.o(.text)
    GPIO_ReadInputDataBit                    0x080006e3   Thumb Code    18  stm32f10x_gpio.o(.text)
    GPIO_ReadInputData                       0x080006f5   Thumb Code     8  stm32f10x_gpio.o(.text)
    GPIO_ReadOutputDataBit                   0x080006fd   Thumb Code    18  stm32f10x_gpio.o(.text)
    GPIO_ReadOutputData                      0x0800070f   Thumb Code     8  stm32f10x_gpio.o(.text)
    GPIO_SetBits                             0x08000717   Thumb Code     4  stm32f10x_gpio.o(.text)
    GPIO_ResetBits                           0x0800071b   Thumb Code     4  stm32f10x_gpio.o(.text)
    GPIO_WriteBit                            0x0800071f   Thumb Code    10  stm32f10x_gpio.o(.text)
    GPIO_Write                               0x08000729   Thumb Code     4  stm32f10x_gpio.o(.text)
    GPIO_PinLockConfig                       0x0800072d   Thumb Code    18  stm32f10x_gpio.o(.text)
    GPIO_EventOutputConfig                   0x0800073f   Thumb Code    26  stm32f10x_gpio.o(.text)
    GPIO_EventOutputCmd                      0x08000759   Thumb Code     6  stm32f10x_gpio.o(.text)
    GPIO_PinRemapConfig                      0x0800075f   Thumb Code   138  stm32f10x_gpio.o(.text)
    GPIO_EXTILineConfig                      0x080007e9   Thumb Code    66  stm32f10x_gpio.o(.text)
    GPIO_ETH_MediaInterfaceConfig            0x0800082b   Thumb Code     8  stm32f10x_gpio.o(.text)
    RCC_DeInit                               0x08000859   Thumb Code    64  stm32f10x_rcc.o(.text)
    RCC_HSEConfig                            0x08000899   Thumb Code    70  stm32f10x_rcc.o(.text)
    RCC_GetFlagStatus                        0x080008df   Thumb Code    56  stm32f10x_rcc.o(.text)
    RCC_WaitForHSEStartUp                    0x08000917   Thumb Code    56  stm32f10x_rcc.o(.text)
    RCC_AdjustHSICalibrationValue            0x0800094f   Thumb Code    20  stm32f10x_rcc.o(.text)
    RCC_HSICmd                               0x08000963   Thumb Code     6  stm32f10x_rcc.o(.text)
    RCC_PLLConfig                            0x08000969   Thumb Code    24  stm32f10x_rcc.o(.text)
    RCC_PLLCmd                               0x08000981   Thumb Code     6  stm32f10x_rcc.o(.text)
    RCC_SYSCLKConfig                         0x08000987   Thumb Code    18  stm32f10x_rcc.o(.text)
    RCC_GetSYSCLKSource                      0x08000999   Thumb Code    10  stm32f10x_rcc.o(.text)
    RCC_HCLKConfig                           0x080009a3   Thumb Code    18  stm32f10x_rcc.o(.text)
    RCC_PCLK1Config                          0x080009b5   Thumb Code    18  stm32f10x_rcc.o(.text)
    RCC_PCLK2Config                          0x080009c7   Thumb Code    20  stm32f10x_rcc.o(.text)
    RCC_ITConfig                             0x080009db   Thumb Code    26  stm32f10x_rcc.o(.text)
    RCC_USBCLKConfig                         0x080009f5   Thumb Code     8  stm32f10x_rcc.o(.text)
    RCC_ADCCLKConfig                         0x080009fd   Thumb Code    18  stm32f10x_rcc.o(.text)
    RCC_LSEConfig                            0x08000a0f   Thumb Code    50  stm32f10x_rcc.o(.text)
    RCC_LSICmd                               0x08000a41   Thumb Code     6  stm32f10x_rcc.o(.text)
    RCC_RTCCLKConfig                         0x08000a47   Thumb Code    12  stm32f10x_rcc.o(.text)
    RCC_RTCCLKCmd                            0x08000a53   Thumb Code     8  stm32f10x_rcc.o(.text)
    RCC_GetClocksFreq                        0x08000a5b   Thumb Code   192  stm32f10x_rcc.o(.text)
    RCC_AHBPeriphClockCmd                    0x08000b1b   Thumb Code    26  stm32f10x_rcc.o(.text)
    RCC_APB2PeriphClockCmd                   0x08000b35   Thumb Code    26  stm32f10x_rcc.o(.text)
    RCC_APB1PeriphClockCmd                   0x08000b4f   Thumb Code    26  stm32f10x_rcc.o(.text)
    RCC_APB2PeriphResetCmd                   0x08000b69   Thumb Code    26  stm32f10x_rcc.o(.text)
    RCC_APB1PeriphResetCmd                   0x08000b83   Thumb Code    26  stm32f10x_rcc.o(.text)
    RCC_BackupResetCmd                       0x08000b9d   Thumb Code     8  stm32f10x_rcc.o(.text)
    RCC_ClockSecuritySystemCmd               0x08000ba5   Thumb Code     6  stm32f10x_rcc.o(.text)
    RCC_MCOConfig                            0x08000bab   Thumb Code     6  stm32f10x_rcc.o(.text)
    RCC_ClearFlag                            0x08000bb1   Thumb Code    14  stm32f10x_rcc.o(.text)
    RCC_GetITStatus                          0x08000bbf   Thumb Code    20  stm32f10x_rcc.o(.text)
    RCC_ClearITPendingBit                    0x08000bd3   Thumb Code     6  stm32f10x_rcc.o(.text)
    TIM_DeInit                               0x08000bfd   Thumb Code   424  stm32f10x_tim.o(.text)
    TIM_TimeBaseInit                         0x08000da5   Thumb Code   122  stm32f10x_tim.o(.text)
    TIM_OC1Init                              0x08000e1f   Thumb Code   132  stm32f10x_tim.o(.text)
    TIM_OC2Init                              0x08000ea3   Thumb Code   154  stm32f10x_tim.o(.text)
    TIM_OC3Init                              0x08000f3d   Thumb Code   150  stm32f10x_tim.o(.text)
    TIM_OC4Init                              0x08000fd3   Thumb Code   182  stm32f10x_tim.o(.text)
    TIM_SetIC4Prescaler                      0x08001089   Thumb Code    26  stm32f10x_tim.o(.text)
    TIM_SetIC3Prescaler                      0x08001125   Thumb Code    18  stm32f10x_tim.o(.text)
    TIM_SetIC2Prescaler                      0x080011b1   Thumb Code    26  stm32f10x_tim.o(.text)
    TIM_SetIC1Prescaler                      0x0800124d   Thumb Code    18  stm32f10x_tim.o(.text)
    TIM_ICInit                               0x080012cb   Thumb Code   150  stm32f10x_tim.o(.text)
    TIM_PWMIConfig                           0x08001361   Thumb Code   124  stm32f10x_tim.o(.text)
    TIM_BDTRConfig                           0x080013dd   Thumb Code    32  stm32f10x_tim.o(.text)
    TIM_TimeBaseStructInit                   0x080013fd   Thumb Code    18  stm32f10x_tim.o(.text)
    TIM_OCStructInit                         0x0800140f   Thumb Code    20  stm32f10x_tim.o(.text)
    TIM_ICStructInit                         0x08001423   Thumb Code    18  stm32f10x_tim.o(.text)
    TIM_BDTRStructInit                       0x08001435   Thumb Code    40  stm32f10x_tim.o(.text)
    TIM_Cmd                                  0x0800145d   Thumb Code    24  stm32f10x_tim.o(.text)
    TIM_CtrlPWMOutputs                       0x08001475   Thumb Code    30  stm32f10x_tim.o(.text)
    TIM_ITConfig                             0x08001493   Thumb Code    18  stm32f10x_tim.o(.text)
    TIM_GenerateEvent                        0x080014a5   Thumb Code     4  stm32f10x_tim.o(.text)
    TIM_DMAConfig                            0x080014a9   Thumb Code    10  stm32f10x_tim.o(.text)
    TIM_DMACmd                               0x080014b3   Thumb Code    18  stm32f10x_tim.o(.text)
    TIM_InternalClockConfig                  0x080014c5   Thumb Code    12  stm32f10x_tim.o(.text)
    TIM_SelectInputTrigger                   0x080014d1   Thumb Code    18  stm32f10x_tim.o(.text)
    TIM_ITRxExternalClockConfig              0x080014e3   Thumb Code    24  stm32f10x_tim.o(.text)
    TIM_TIxExternalClockConfig               0x080014fb   Thumb Code    62  stm32f10x_tim.o(.text)
    TIM_ETRConfig                            0x08001539   Thumb Code    28  stm32f10x_tim.o(.text)
    TIM_ETRClockMode1Config                  0x08001555   Thumb Code    54  stm32f10x_tim.o(.text)
    TIM_ETRClockMode2Config                  0x0800158b   Thumb Code    32  stm32f10x_tim.o(.text)
    TIM_PrescalerConfig                      0x080015ab   Thumb Code     6  stm32f10x_tim.o(.text)
    TIM_CounterModeConfig                    0x080015b1   Thumb Code    18  stm32f10x_tim.o(.text)
    TIM_EncoderInterfaceConfig               0x080015c3   Thumb Code    66  stm32f10x_tim.o(.text)
    TIM_ForcedOC1Config                      0x08001605   Thumb Code    18  stm32f10x_tim.o(.text)
    TIM_ForcedOC2Config                      0x08001617   Thumb Code    26  stm32f10x_tim.o(.text)
    TIM_ForcedOC3Config                      0x08001631   Thumb Code    18  stm32f10x_tim.o(.text)
    TIM_ForcedOC4Config                      0x08001643   Thumb Code    26  stm32f10x_tim.o(.text)
    TIM_ARRPreloadConfig                     0x0800165d   Thumb Code    24  stm32f10x_tim.o(.text)
    TIM_SelectCOM                            0x08001675   Thumb Code    24  stm32f10x_tim.o(.text)
    TIM_SelectCCDMA                          0x0800168d   Thumb Code    24  stm32f10x_tim.o(.text)
    TIM_CCPreloadControl                     0x080016a5   Thumb Code    24  stm32f10x_tim.o(.text)
    TIM_OC1PreloadConfig                     0x080016bd   Thumb Code    18  stm32f10x_tim.o(.text)
    TIM_OC2PreloadConfig                     0x080016cf   Thumb Code    26  stm32f10x_tim.o(.text)
    TIM_OC3PreloadConfig                     0x080016e9   Thumb Code    18  stm32f10x_tim.o(.text)
    TIM_OC4PreloadConfig                     0x080016fb   Thumb Code    26  stm32f10x_tim.o(.text)
    TIM_OC1FastConfig                        0x08001715   Thumb Code    18  stm32f10x_tim.o(.text)
    TIM_OC2FastConfig                        0x08001727   Thumb Code    26  stm32f10x_tim.o(.text)
    TIM_OC3FastConfig                        0x08001741   Thumb Code    18  stm32f10x_tim.o(.text)
    TIM_OC4FastConfig                        0x08001753   Thumb Code    26  stm32f10x_tim.o(.text)
    TIM_ClearOC1Ref                          0x0800176d   Thumb Code    18  stm32f10x_tim.o(.text)
    TIM_ClearOC2Ref                          0x0800177f   Thumb Code    24  stm32f10x_tim.o(.text)
    TIM_ClearOC3Ref                          0x08001797   Thumb Code    18  stm32f10x_tim.o(.text)
    TIM_ClearOC4Ref                          0x080017a9   Thumb Code    24  stm32f10x_tim.o(.text)
    TIM_OC1PolarityConfig                    0x080017c1   Thumb Code    18  stm32f10x_tim.o(.text)
    TIM_OC1NPolarityConfig                   0x080017d3   Thumb Code    18  stm32f10x_tim.o(.text)
    TIM_OC2PolarityConfig                    0x080017e5   Thumb Code    26  stm32f10x_tim.o(.text)
    TIM_OC2NPolarityConfig                   0x080017ff   Thumb Code    26  stm32f10x_tim.o(.text)
    TIM_OC3PolarityConfig                    0x08001819   Thumb Code    26  stm32f10x_tim.o(.text)
    TIM_OC3NPolarityConfig                   0x08001833   Thumb Code    26  stm32f10x_tim.o(.text)
    TIM_OC4PolarityConfig                    0x0800184d   Thumb Code    26  stm32f10x_tim.o(.text)
    TIM_CCxCmd                               0x08001867   Thumb Code    30  stm32f10x_tim.o(.text)
    TIM_CCxNCmd                              0x08001885   Thumb Code    30  stm32f10x_tim.o(.text)
    TIM_SelectOCxM                           0x080018a3   Thumb Code    82  stm32f10x_tim.o(.text)
    TIM_UpdateDisableConfig                  0x080018f5   Thumb Code    24  stm32f10x_tim.o(.text)
    TIM_UpdateRequestConfig                  0x0800190d   Thumb Code    24  stm32f10x_tim.o(.text)
    TIM_SelectHallSensor                     0x08001925   Thumb Code    24  stm32f10x_tim.o(.text)
    TIM_SelectOnePulseMode                   0x0800193d   Thumb Code    18  stm32f10x_tim.o(.text)
    TIM_SelectOutputTrigger                  0x0800194f   Thumb Code    18  stm32f10x_tim.o(.text)
    TIM_SelectSlaveMode                      0x08001961   Thumb Code    18  stm32f10x_tim.o(.text)
    TIM_SelectMasterSlaveMode                0x08001973   Thumb Code    18  stm32f10x_tim.o(.text)
    TIM_SetCounter                           0x08001985   Thumb Code     4  stm32f10x_tim.o(.text)
    TIM_SetAutoreload                        0x08001989   Thumb Code     4  stm32f10x_tim.o(.text)
    TIM_SetCompare1                          0x0800198d   Thumb Code     4  stm32f10x_tim.o(.text)
    TIM_SetCompare2                          0x08001991   Thumb Code     4  stm32f10x_tim.o(.text)
    TIM_SetCompare3                          0x08001995   Thumb Code     4  stm32f10x_tim.o(.text)
    TIM_SetCompare4                          0x08001999   Thumb Code     6  stm32f10x_tim.o(.text)
    TIM_SetClockDivision                     0x0800199f   Thumb Code    18  stm32f10x_tim.o(.text)
    TIM_GetCapture1                          0x080019b1   Thumb Code     6  stm32f10x_tim.o(.text)
    TIM_GetCapture2                          0x080019b7   Thumb Code     6  stm32f10x_tim.o(.text)
    TIM_GetCapture3                          0x080019bd   Thumb Code     6  stm32f10x_tim.o(.text)
    TIM_GetCapture4                          0x080019c3   Thumb Code     8  stm32f10x_tim.o(.text)
    TIM_GetCounter                           0x080019cb   Thumb Code     6  stm32f10x_tim.o(.text)
    TIM_GetPrescaler                         0x080019d1   Thumb Code     6  stm32f10x_tim.o(.text)
    TIM_GetFlagStatus                        0x080019d7   Thumb Code    18  stm32f10x_tim.o(.text)
    TIM_ClearFlag                            0x080019e9   Thumb Code     6  stm32f10x_tim.o(.text)
    TIM_GetITStatus                          0x080019ef   Thumb Code    34  stm32f10x_tim.o(.text)
    TIM_ClearITPendingBit                    0x08001a11   Thumb Code     6  stm32f10x_tim.o(.text)
    USART_DeInit                             0x08001a19   Thumb Code   134  stm32f10x_usart.o(.text)
    USART_Init                               0x08001a9f   Thumb Code   210  stm32f10x_usart.o(.text)
    USART_StructInit                         0x08001b71   Thumb Code    24  stm32f10x_usart.o(.text)
    USART_ClockInit                          0x08001b89   Thumb Code    34  stm32f10x_usart.o(.text)
    USART_ClockStructInit                    0x08001bab   Thumb Code    12  stm32f10x_usart.o(.text)
    USART_Cmd                                0x08001bb7   Thumb Code    24  stm32f10x_usart.o(.text)
    USART_ITConfig                           0x08001bcf   Thumb Code    74  stm32f10x_usart.o(.text)
    USART_DMACmd                             0x08001c19   Thumb Code    18  stm32f10x_usart.o(.text)
    USART_SetAddress                         0x08001c2b   Thumb Code    18  stm32f10x_usart.o(.text)
    USART_WakeUpConfig                       0x08001c3d   Thumb Code    18  stm32f10x_usart.o(.text)
    USART_ReceiverWakeUpCmd                  0x08001c4f   Thumb Code    24  stm32f10x_usart.o(.text)
    USART_LINBreakDetectLengthConfig         0x08001c67   Thumb Code    18  stm32f10x_usart.o(.text)
    USART_LINCmd                             0x08001c79   Thumb Code    24  stm32f10x_usart.o(.text)
    USART_SendData                           0x08001c91   Thumb Code     8  stm32f10x_usart.o(.text)
    USART_ReceiveData                        0x08001c99   Thumb Code    10  stm32f10x_usart.o(.text)
    USART_SendBreak                          0x08001ca3   Thumb Code    10  stm32f10x_usart.o(.text)
    USART_SetGuardTime                       0x08001cad   Thumb Code    16  stm32f10x_usart.o(.text)
    USART_SetPrescaler                       0x08001cbd   Thumb Code    16  stm32f10x_usart.o(.text)
    USART_SmartCardCmd                       0x08001ccd   Thumb Code    24  stm32f10x_usart.o(.text)
    USART_SmartCardNACKCmd                   0x08001ce5   Thumb Code    24  stm32f10x_usart.o(.text)
    USART_HalfDuplexCmd                      0x08001cfd   Thumb Code    24  stm32f10x_usart.o(.text)
    USART_OverSampling8Cmd                   0x08001d15   Thumb Code    22  stm32f10x_usart.o(.text)
    USART_OneBitMethodCmd                    0x08001d2b   Thumb Code    24  stm32f10x_usart.o(.text)
    USART_IrDAConfig                         0x08001d43   Thumb Code    18  stm32f10x_usart.o(.text)
    USART_IrDACmd                            0x08001d55   Thumb Code    24  stm32f10x_usart.o(.text)
    USART_GetFlagStatus                      0x08001d6d   Thumb Code    26  stm32f10x_usart.o(.text)
    USART_ClearFlag                          0x08001d87   Thumb Code    18  stm32f10x_usart.o(.text)
    USART_GetITStatus                        0x08001d99   Thumb Code    84  stm32f10x_usart.o(.text)
    USART_ClearITPendingBit                  0x08001ded   Thumb Code    52  stm32f10x_usart.o(.text)
    main                                     0x08001e21   Thumb Code    80  main.o(.text)
    TIM3_IRQHandler                          0x08001e9d   Thumb Code    32  stm32f10x_it.o(.text)
    TIM4_IRQHandler                          0x08001ebd   Thumb Code   154  stm32f10x_it.o(.text)
    EXTI1_IRQHandler                         0x08001f57   Thumb Code    28  stm32f10x_it.o(.text)
    EXTI0_IRQHandler                         0x08001f73   Thumb Code    28  stm32f10x_it.o(.text)
    EXTI9_5_IRQHandler                       0x08001f8f   Thumb Code    32  stm32f10x_it.o(.text)
    EXTI15_10_IRQHandler                     0x08001faf   Thumb Code    58  stm32f10x_it.o(.text)
    USART3_IRQHandler                        0x08001fe9   Thumb Code    36  stm32f10x_it.o(.text)
    USART2_IRQHandler                        0x0800200d   Thumb Code    46  stm32f10x_it.o(.text)
    NMI_Handler                              0x0800203b   Thumb Code     2  stm32f10x_it.o(.text)
    HardFault_Handler                        0x0800203d   Thumb Code     4  stm32f10x_it.o(.text)
    MemManage_Handler                        0x08002041   Thumb Code     4  stm32f10x_it.o(.text)
    BusFault_Handler                         0x08002045   Thumb Code     4  stm32f10x_it.o(.text)
    UsageFault_Handler                       0x08002049   Thumb Code     4  stm32f10x_it.o(.text)
    SVC_Handler                              0x0800204d   Thumb Code     2  stm32f10x_it.o(.text)
    DebugMon_Handler                         0x0800204f   Thumb Code     2  stm32f10x_it.o(.text)
    PendSV_Handler                           0x08002051   Thumb Code     2  stm32f10x_it.o(.text)
    SysTick_Handler                          0x08002053   Thumb Code     2  stm32f10x_it.o(.text)
    USART_Config                             0x080020d1   Thumb Code   136  bsp_usart.o(.text)
    USART2_Config                            0x08002183   Thumb Code   142  bsp_usart.o(.text)
    Usart_SendByte                           0x08002211   Thumb Code    30  bsp_usart.o(.text)
    Usart_SendHalfWord                       0x0800222f   Thumb Code    60  bsp_usart.o(.text)
    Usart_SendArray                          0x0800226b   Thumb Code    48  bsp_usart.o(.text)
    Usart_SendStr                            0x0800229b   Thumb Code    44  bsp_usart.o(.text)
    fputc                                    0x080022c7   Thumb Code    32  bsp_usart.o(.text)
    fgetc                                    0x080022e7   Thumb Code    26  bsp_usart.o(.text)
    LED_GPIO_Config                          0x08002311   Thumb Code    50  psd_led.o(.text)
    SysTick_Delay_us                         0x08002395   Thumb Code    54  bsp_delay.o(.text)
    SysTick_Delay_ms                         0x080023cb   Thumb Code    54  bsp_delay.o(.text)
    Delay_us                                 0x08002401   Thumb Code    26  bsp_delay.o(.text)
    Delay_ms                                 0x0800241b   Thumb Code    30  bsp_delay.o(.text)
    Digital_Init                             0x080025eb   Thumb Code    16  bsp_digital.o(.text)
    Go_Stop                                  0x0800266d   Thumb Code    44  bsp_motor.o(.text)
    Go_Ahead                                 0x08002699   Thumb Code    20  bsp_motor.o(.text)
    Go_Back                                  0x080026ad   Thumb Code    20  bsp_motor.o(.text)
    Go_Left                                  0x080026c1   Thumb Code    20  bsp_motor.o(.text)
    Go_Right                                 0x080026d5   Thumb Code    20  bsp_motor.o(.text)
    PID_Init                                 0x080026e9   Thumb Code    24  bsp_speed.o(.text)
    Go_Ahead_speed                           0x08002843   Thumb Code    24  bsp_speed.o(.text)
    Go_Back_speed                            0x0800285b   Thumb Code    26  bsp_speed.o(.text)
    Go_Left_speed                            0x08002875   Thumb Code    32  bsp_speed.o(.text)
    Go_Right_speed                           0x08002895   Thumb Code    32  bsp_speed.o(.text)
    GENERAL_TIM_Init                         0x080029a5   Thumb Code    12  bsp_tim.o(.text)
    Open_TIM                                 0x080029b1   Thumb Code    26  bsp_tim.o(.text)
    Close_TIM                                0x080029cb   Thumb Code    12  bsp_tim.o(.text)
    Get_Timer                                0x080029d7   Thumb Code    42  bsp_tim.o(.text)
    GENERAL_TIM4_Init                        0x08002a75   Thumb Code    12  bsp_tim.o(.text)
    TIM1_PWM_OUT_Init                        0x08002b39   Thumb Code    12  bsp_tim.o(.text)
    TIM2_PWM_OUT_Init                        0x08002c4f   Thumb Code    12  bsp_tim.o(.text)
    ULTRASONIC_Init                          0x08002cb3   Thumb Code    26  bsp_ultrasonic.o(.text)
    Get_Length                               0x08002ccd   Thumb Code   160  bsp_ultrasonic.o(.text)
    __aeabi_fadd                             0x08002d79   Thumb Code   164  fadd.o(.text)
    __aeabi_fsub                             0x08002e1d   Thumb Code     6  fadd.o(.text)
    __aeabi_frsub                            0x08002e23   Thumb Code     6  fadd.o(.text)
    __aeabi_dmul                             0x08002e29   Thumb Code   228  dmul.o(.text)
    __aeabi_ddiv                             0x08002f0d   Thumb Code   222  ddiv.o(.text)
    __aeabi_ui2f                             0x08002feb   Thumb Code    10  ffltui.o(.text)
    __aeabi_ui2d                             0x08002ff5   Thumb Code    26  dfltui.o(.text)
    __aeabi_f2d                              0x0800300f   Thumb Code    38  f2d.o(.text)
    __aeabi_d2f                              0x08003035   Thumb Code    56  d2f.o(.text)
    __aeabi_cfcmpeq                          0x0800306d   Thumb Code     0  cfcmple.o(.text)
    __aeabi_cfcmple                          0x0800306d   Thumb Code    20  cfcmple.o(.text)
    __aeabi_cfrcmple                         0x08003081   Thumb Code    20  cfrcmple.o(.text)
    __aeabi_uidiv                            0x08003095   Thumb Code     0  uidiv.o(.text)
    __aeabi_uidivmod                         0x08003095   Thumb Code    44  uidiv.o(.text)
    __aeabi_uldivmod                         0x080030c1   Thumb Code    98  uldiv.o(.text)
    __I$use$fp                               0x08003123   Thumb Code     0  iusefp.o(.text)
    _float_round                             0x08003123   Thumb Code    18  fepilogue.o(.text)
    _float_epilogue                          0x08003135   Thumb Code    92  fepilogue.o(.text)
    _double_round                            0x08003191   Thumb Code    30  depilogue.o(.text)
    _double_epilogue                         0x080031af   Thumb Code   156  depilogue.o(.text)
    __aeabi_dadd                             0x0800324b   Thumb Code   322  dadd.o(.text)
    __aeabi_dsub                             0x0800338d   Thumb Code     6  dadd.o(.text)
    __aeabi_drsub                            0x08003393   Thumb Code     6  dadd.o(.text)
    __aeabi_d2ulz                            0x08003399   Thumb Code    48  dfixul.o(.text)
    __aeabi_cdrcmple                         0x080033c9   Thumb Code    48  cdrcmple.o(.text)
    __scatterload                            0x080033f9   Thumb Code    28  init.o(.text)
    __scatterload_rt2                        0x080033f9   Thumb Code     0  init.o(.text)
    __aeabi_llsl                             0x0800341d   Thumb Code    30  llshl.o(.text)
    _ll_shift_l                              0x0800341d   Thumb Code     0  llshl.o(.text)
    __aeabi_llsr                             0x0800343b   Thumb Code    32  llushr.o(.text)
    _ll_ushift_r                             0x0800343b   Thumb Code     0  llushr.o(.text)
    __aeabi_lasr                             0x0800345b   Thumb Code    36  llsshr.o(.text)
    _ll_sshift_r                             0x0800345b   Thumb Code     0  llsshr.o(.text)
    __0printf                                0x08003481   Thumb Code    22  printfa.o(i.__0printf)
    __1printf                                0x08003481   Thumb Code     0  printfa.o(i.__0printf)
    __2printf                                0x08003481   Thumb Code     0  printfa.o(i.__0printf)
    __c89printf                              0x08003481   Thumb Code     0  printfa.o(i.__0printf)
    printf                                   0x08003481   Thumb Code     0  printfa.o(i.__0printf)
    __scatterload_copy                       0x080034a1   Thumb Code    14  handlers.o(i.__scatterload_copy)
    __scatterload_null                       0x080034af   Thumb Code     2  handlers.o(i.__scatterload_null)
    __scatterload_zeroinit                   0x080034b1   Thumb Code    14  handlers.o(i.__scatterload_zeroinit)
    Region$$Table$$Base                      0x08003d74   Number         0  anon$$obj.o(Region$$Table)
    Region$$Table$$Limit                     0x08003d94   Number         0  anon$$obj.o(Region$$Table)
    SystemCoreClock                          0x20000000   Data           4  system_stm32f10x.o(.data)
    AHBPrescTable                            0x20000004   Data          16  system_stm32f10x.o(.data)
    time_SPEEDl                              0x20000028   Data           2  stm32f10x_it.o(.data)
    time_SPEEDr                              0x2000002a   Data           2  stm32f10x_it.o(.data)
    time_RANGEl                              0x2000002c   Data           2  stm32f10x_it.o(.data)
    time_RANGEr                              0x2000002e   Data           2  stm32f10x_it.o(.data)
    time_MARKl                               0x20000030   Data           2  stm32f10x_it.o(.data)
    time_MARKm                               0x20000032   Data           2  stm32f10x_it.o(.data)
    time_MARKr                               0x20000034   Data           2  stm32f10x_it.o(.data)
    speedl_CNT                               0x20000036   Data           2  stm32f10x_it.o(.data)
    speedl_CNT_sum                           0x20000038   Data           2  stm32f10x_it.o(.data)
    speedr_CNT                               0x2000003a   Data           2  stm32f10x_it.o(.data)
    speedr_CNT_sum                           0x2000003c   Data           2  stm32f10x_it.o(.data)
    USART1_RECV_data                         0x2000003e   Data           1  stm32f10x_it.o(.data)
    USART2_RECV_data                         0x2000003f   Data           1  stm32f10x_it.o(.data)
    comparel                                 0x20000040   Data           2  bsp_speed.o(.data)
    comparer                                 0x20000042   Data           2  bsp_speed.o(.data)
    time                                     0x20000048   Data           2  bsp_tim.o(.data)
    __stdout                                 0x2000004c   Data           4  stdout.o(.data)
    pid                                      0x20000050   Data          44  bsp_speed.o(.bss)
    __initial_sp                             0x20000480   Data           0  startup_stm32f10x_md.o(STACK)



==============================================================================

Memory Map of the image

  Image Entry point : 0x080000ed

  Load Region LR_IROM1 (Base: 0x08000000, Size: 0x00003de4, Max: 0x00010000, ABSOLUTE)

    Execution Region ER_IROM1 (Exec base: 0x08000000, Load base: 0x08000000, Size: 0x00003d94, Max: 0x00010000, ABSOLUTE)

    Exec Addr    Load Addr    Size         Type   Attr      Idx    E Section Name        Object

    0x08000000   0x08000000   0x000000ec   Data   RO            3    RESET               startup_stm32f10x_md.o
    0x080000ec   0x080000ec   0x00000000   Code   RO          583  * .ARM.Collect$$$$00000000  mc_w.l(entry.o)
    0x080000ec   0x080000ec   0x00000004   Code   RO          865    .ARM.Collect$$$$00000001  mc_w.l(entry2.o)
    0x080000f0   0x080000f0   0x00000004   Code   RO          868    .ARM.Collect$$$$00000004  mc_w.l(entry5.o)
    0x080000f4   0x080000f4   0x00000000   Code   RO          870    .ARM.Collect$$$$00000008  mc_w.l(entry7b.o)
    0x080000f4   0x080000f4   0x00000000   Code   RO          872    .ARM.Collect$$$$0000000A  mc_w.l(entry8b.o)
    0x080000f4   0x080000f4   0x00000008   Code   RO          873    .ARM.Collect$$$$0000000B  mc_w.l(entry9a.o)
    0x080000fc   0x080000fc   0x00000000   Code   RO          875    .ARM.Collect$$$$0000000D  mc_w.l(entry10a.o)
    0x080000fc   0x080000fc   0x00000000   Code   RO          877    .ARM.Collect$$$$0000000F  mc_w.l(entry11a.o)
    0x080000fc   0x080000fc   0x00000004   Code   RO          866    .ARM.Collect$$$$00002712  mc_w.l(entry2.o)
    0x08000100   0x08000100   0x00000024   Code   RO            4    .text               startup_stm32f10x_md.o
    0x08000124   0x08000124   0x000001e0   Code   RO           24    .text               system_stm32f10x.o
    0x08000304   0x08000304   0x000000dc   Code   RO          121    .text               misc.o
    0x080003e0   0x080003e0   0x0000011c   Code   RO          233    .text               stm32f10x_exti.o
    0x080004fc   0x080004fc   0x0000035c   Code   RO          269    .text               stm32f10x_gpio.o
    0x08000858   0x08000858   0x000003a4   Code   RO          317    .text               stm32f10x_rcc.o
    0x08000bfc   0x08000bfc   0x00000e1a   Code   RO          367    .text               stm32f10x_tim.o
    0x08001a16   0x08001a16   0x00000002   PAD
    0x08001a18   0x08001a18   0x00000408   Code   RO          379    .text               stm32f10x_usart.o
    0x08001e20   0x08001e20   0x0000007c   Code   RO          403    .text               main.o
    0x08001e9c   0x08001e9c   0x0000020c   Code   RO          444    .text               stm32f10x_it.o
    0x080020a8   0x080020a8   0x00000268   Code   RO          463    .text               bsp_usart.o
    0x08002310   0x08002310   0x00000038   Code   RO          475    .text               psd_led.o
    0x08002348   0x08002348   0x000000fc   Code   RO          487    .text               bsp_delay.o
    0x08002444   0x08002444   0x000001c0   Code   RO          503    .text               bsp_digital.o
    0x08002604   0x08002604   0x000000e4   Code   RO          515    .text               bsp_motor.o
    0x080026e8   0x080026e8   0x00000248   Code   RO          536    .text               bsp_speed.o
    0x08002930   0x08002930   0x00000340   Code   RO          556    .text               bsp_tim.o
    0x08002c70   0x08002c70   0x00000108   Code   RO          571    .text               bsp_ultrasonic.o
    0x08002d78   0x08002d78   0x000000b0   Code   RO          847    .text               mf_w.l(fadd.o)
    0x08002e28   0x08002e28   0x000000e4   Code   RO          849    .text               mf_w.l(dmul.o)
    0x08002f0c   0x08002f0c   0x000000de   Code   RO          851    .text               mf_w.l(ddiv.o)
    0x08002fea   0x08002fea   0x0000000a   Code   RO          853    .text               mf_w.l(ffltui.o)
    0x08002ff4   0x08002ff4   0x0000001a   Code   RO          855    .text               mf_w.l(dfltui.o)
    0x0800300e   0x0800300e   0x00000026   Code   RO          857    .text               mf_w.l(f2d.o)
    0x08003034   0x08003034   0x00000038   Code   RO          859    .text               mf_w.l(d2f.o)
    0x0800306c   0x0800306c   0x00000014   Code   RO          861    .text               mf_w.l(cfcmple.o)
    0x08003080   0x08003080   0x00000014   Code   RO          863    .text               mf_w.l(cfrcmple.o)
    0x08003094   0x08003094   0x0000002c   Code   RO          880    .text               mc_w.l(uidiv.o)
    0x080030c0   0x080030c0   0x00000062   Code   RO          882    .text               mc_w.l(uldiv.o)
    0x08003122   0x08003122   0x00000000   Code   RO          884    .text               mc_w.l(iusefp.o)
    0x08003122   0x08003122   0x0000006e   Code   RO          885    .text               mf_w.l(fepilogue.o)
    0x08003190   0x08003190   0x000000ba   Code   RO          887    .text               mf_w.l(depilogue.o)
    0x0800324a   0x0800324a   0x0000014e   Code   RO          889    .text               mf_w.l(dadd.o)
    0x08003398   0x08003398   0x00000030   Code   RO          891    .text               mf_w.l(dfixul.o)
    0x080033c8   0x080033c8   0x00000030   Code   RO          893    .text               mf_w.l(cdrcmple.o)
    0x080033f8   0x080033f8   0x00000024   Code   RO          895    .text               mc_w.l(init.o)
    0x0800341c   0x0800341c   0x0000001e   Code   RO          897    .text               mc_w.l(llshl.o)
    0x0800343a   0x0800343a   0x00000020   Code   RO          899    .text               mc_w.l(llushr.o)
    0x0800345a   0x0800345a   0x00000024   Code   RO          901    .text               mc_w.l(llsshr.o)
    0x0800347e   0x0800347e   0x00000002   PAD
    0x08003480   0x08003480   0x00000020   Code   RO          819    i.__0printf         mc_w.l(printfa.o)
    0x080034a0   0x080034a0   0x0000000e   Code   RO          905    i.__scatterload_copy  mc_w.l(handlers.o)
    0x080034ae   0x080034ae   0x00000002   Code   RO          906    i.__scatterload_null  mc_w.l(handlers.o)
    0x080034b0   0x080034b0   0x0000000e   Code   RO          907    i.__scatterload_zeroinit  mc_w.l(handlers.o)
    0x080034be   0x080034be   0x00000002   PAD
    0x080034c0   0x080034c0   0x00000184   Code   RO          826    i._fp_digits        mc_w.l(printfa.o)
    0x08003644   0x08003644   0x000006dc   Code   RO          827    i._printf_core      mc_w.l(printfa.o)
    0x08003d20   0x08003d20   0x00000024   Code   RO          828    i._printf_post_padding  mc_w.l(printfa.o)
    0x08003d44   0x08003d44   0x0000002e   Code   RO          829    i._printf_pre_padding  mc_w.l(printfa.o)
    0x08003d72   0x08003d72   0x00000002   PAD
    0x08003d74   0x08003d74   0x00000020   Data   RO          903    Region$$Table       anon$$obj.o


    Execution Region RW_IRAM1 (Exec base: 0x20000000, Load base: 0x08003d94, Size: 0x00000480, Max: 0x00005000, ABSOLUTE)

    Exec Addr    Load Addr    Size         Type   Attr      Idx    E Section Name        Object

    0x20000000   0x08003d94   0x00000014   Data   RW           25    .data               system_stm32f10x.o
    0x20000014   0x08003da8   0x00000014   Data   RW          318    .data               stm32f10x_rcc.o
    0x20000028   0x08003dbc   0x00000018   Data   RW          445    .data               stm32f10x_it.o
    0x20000040   0x08003dd4   0x00000008   Data   RW          538    .data               bsp_speed.o
    0x20000048   0x08003ddc   0x00000002   Data   RW          557    .data               bsp_tim.o
    0x2000004a   0x08003dde   0x00000002   PAD
    0x2000004c   0x08003de0   0x00000004   Data   RW          879    .data               mc_w.l(stdout.o)
    0x20000050        -       0x0000002c   Zero   RW          537    .bss                bsp_speed.o
    0x2000007c   0x08003de4   0x00000004   PAD
    0x20000080        -       0x00000400   Zero   RW            1    STACK               startup_stm32f10x_md.o


==============================================================================

Image component sizes


      Code (inc. data)   RO Data    RW Data    ZI Data      Debug   Object Name

       252         12          0          0          0      16517   bsp_delay.o
       448         10          0          0          0       1103   bsp_digital.o
       228          0          0          0          0       1944   bsp_motor.o
       584        124          0          8         44       3329   bsp_speed.o
       832         22          0          2          0       3009   bsp_tim.o
       264         12          0          0          0        969   bsp_ultrasonic.o
       616         16          0          0          0       2997   bsp_usart.o
         0          0          0          0          0       4508   core_cm3.o
       124         44          0          0          0       1755   main.o
       220         22          0          0          0       1913   misc.o
        56          6          0          0          0        498   psd_led.o
        36          8        236          0       1024        868   startup_stm32f10x_md.o
       284         10          0          0          0       2371   stm32f10x_exti.o
       860         38          0          0          0       5845   stm32f10x_gpio.o
       524         84          0         24          0       3209   stm32f10x_it.o
       932         36          0         20          0       9044   stm32f10x_rcc.o
      3610         88          0          0          0      22956   stm32f10x_tim.o
      1032         22          0          0          0       8568   stm32f10x_usart.o
       480         38          0         20          0     251279   system_stm32f10x.o

    ----------------------------------------------------------------------
     11384        592        268         76       1072     342682   Object Totals
         0          0         32          0          0          0   (incl. Generated)
         2          0          0          2          4          0   (incl. Padding)

    ----------------------------------------------------------------------

      Code (inc. data)   RO Data    RW Data    ZI Data      Debug   Library Member Name

         0          0          0          0          0          0   entry.o
         0          0          0          0          0          0   entry10a.o
         0          0          0          0          0          0   entry11a.o
         8          4          0          0          0          0   entry2.o
         4          0          0          0          0          0   entry5.o
         0          0          0          0          0          0   entry7b.o
         0          0          0          0          0          0   entry8b.o
         8          4          0          0          0          0   entry9a.o
        30          0          0          0          0          0   handlers.o
        36          8          0          0          0         68   init.o
         0          0          0          0          0          0   iusefp.o
        30          0          0          0          0         68   llshl.o
        36          0          0          0          0         68   llsshr.o
        32          0          0          0          0         68   llushr.o
      2258         90          0          0          0        452   printfa.o
         0          0          0          4          0          0   stdout.o
        44          0          0          0          0         80   uidiv.o
        98          0          0          0          0         92   uldiv.o
        48          0          0          0          0         68   cdrcmple.o
        20          0          0          0          0         68   cfcmple.o
        20          0          0          0          0         68   cfrcmple.o
        56          0          0          0          0         88   d2f.o
       334          0          0          0          0        148   dadd.o
       222          0          0          0          0        100   ddiv.o
       186          0          0          0          0        176   depilogue.o
        48          0          0          0          0         68   dfixul.o
        26          0          0          0          0         76   dfltui.o
       228          0          0          0          0         96   dmul.o
        38          0          0          0          0         68   f2d.o
       176          0          0          0          0        140   fadd.o
       110          0          0          0          0        168   fepilogue.o
        10          0          0          0          0         68   ffltui.o

    ----------------------------------------------------------------------
      4112        106          0          4          0       2296   Library Totals
         6          0          0          0          0          0   (incl. Padding)

    ----------------------------------------------------------------------

      Code (inc. data)   RO Data    RW Data    ZI Data      Debug   Library Name

      2584        106          0          4          0        896   mc_w.l
      1522          0          0          0          0       1400   mf_w.l

    ----------------------------------------------------------------------
      4112        106          0          4          0       2296   Library Totals

    ----------------------------------------------------------------------

==============================================================================


      Code (inc. data)   RO Data    RW Data    ZI Data      Debug   

     15496        698        268         80       1072     342582   Grand Totals
     15496        698        268         80       1072     342582   ELF Image Totals
     15496        698        268         80          0          0   ROM Totals

==============================================================================

    Total RO  Size (Code + RO Data)                15764 (  15.39kB)
    Total RW  Size (RW Data + ZI Data)              1152 (   1.13kB)
    Total ROM Size (Code + RO Data + RW Data)      15844 (  15.47kB)

==============================================================================

